[2026-03-09 06:31:22] SSE: New connection attempt
[2026-03-09 06:31:22] SSE: User authenticated: unknown
[2026-03-09 06:31:22] SSE: No user ID found in token
[2026-03-09 06:31:27] SSE: New connection attempt
[2026-03-09 06:31:27] SSE: User authenticated: unknown
[2026-03-09 06:31:27] SSE: No user ID found in token
[2026-03-09 06:31:32] SSE: New connection attempt
[2026-03-09 06:31:32] SSE: User authenticated: unknown
[2026-03-09 06:31:32] SSE: No user ID found in token
[2026-03-09 06:32:14] SSE: New connection attempt
[2026-03-09 06:32:14] SSE: User authenticated: unknown
[2026-03-09 06:32:14] SSE: No user ID found in token
[2026-03-09 06:32:16] SSE: New connection attempt
[2026-03-09 06:32:16] SSE: User authenticated: unknown
[2026-03-09 06:32:16] SSE: No user ID found in token
[2026-03-09 06:32:19] SSE: New connection attempt
[2026-03-09 06:32:19] SSE: User authenticated: unknown
[2026-03-09 06:32:19] SSE: No user ID found in token
[2026-03-09 06:32:21] SSE: New connection attempt
[2026-03-09 06:32:21] SSE: User authenticated: unknown
[2026-03-09 06:32:21] SSE: No user ID found in token
[2026-03-09 06:32:23] SSE: New connection attempt
[2026-03-09 06:32:23] SSE: User authenticated: unknown
[2026-03-09 06:32:23] SSE: No user ID found in token
[2026-03-09 06:32:28] SSE: New connection attempt
[2026-03-09 06:32:28] SSE: User authenticated: unknown
[2026-03-09 06:32:28] SSE: No user ID found in token
[2026-03-09 06:32:33] SSE: New connection attempt
[2026-03-09 06:32:33] SSE: User authenticated: unknown
[2026-03-09 06:32:33] SSE: No user ID found in token
[2026-03-09 06:32:38] SSE: New connection attempt
[2026-03-09 06:32:38] SSE: User authenticated: unknown
[2026-03-09 06:32:38] SSE: No user ID found in token
[2026-03-09 06:32:43] SSE: New connection attempt
[2026-03-09 06:32:43] SSE: User authenticated: unknown
[2026-03-09 06:32:43] SSE: No user ID found in token
[2026-03-09 06:32:48] SSE: New connection attempt
[2026-03-09 06:32:49] SSE: User authenticated: unknown
[2026-03-09 06:32:49] SSE: No user ID found in token
[2026-03-09 06:32:54] SSE: New connection attempt
[2026-03-09 06:32:54] SSE: User authenticated: unknown
[2026-03-09 06:32:54] SSE: No user ID found in token
[2026-03-09 06:32:59] SSE: New connection attempt
[2026-03-09 06:32:59] SSE: User authenticated: unknown
[2026-03-09 06:32:59] SSE: No user ID found in token
[2026-03-09 06:33:04] SSE: New connection attempt
[2026-03-09 06:33:04] SSE: User authenticated: unknown
[2026-03-09 06:33:04] SSE: No user ID found in token
[2026-03-09 06:33:04] SSE: New connection attempt
[2026-03-09 06:33:04] SSE: User authenticated: unknown
[2026-03-09 06:33:04] SSE: No user ID found in token
[2026-03-09 06:33:10] SSE: New connection attempt
[2026-03-09 06:33:10] SSE: User authenticated: unknown
[2026-03-09 06:33:10] SSE: No user ID found in token
[2026-03-09 06:33:16] SSE: New connection attempt
[2026-03-09 06:33:16] SSE: User authenticated: unknown
[2026-03-09 06:33:16] SSE: No user ID found in token
[2026-03-09 06:33:22] SSE: New connection attempt
[2026-03-09 06:33:22] SSE: User authenticated: unknown
[2026-03-09 06:33:22] SSE: No user ID found in token
[2026-03-09 06:33:24] SSE: New connection attempt
[2026-03-09 06:33:24] SSE: User authenticated: unknown
[2026-03-09 06:33:24] SSE: No user ID found in token
[2026-03-09 06:33:25] SSE: New connection attempt
[2026-03-09 06:33:25] SSE: User authenticated: unknown
[2026-03-09 06:33:25] SSE: No user ID found in token
[2026-03-09 06:33:26] SSE: New connection attempt
[2026-03-09 06:33:26] SSE: User authenticated: unknown
[2026-03-09 06:33:26] SSE: No user ID found in token
[2026-03-09 06:33:27] SSE: New connection attempt
[2026-03-09 06:33:27] SSE: User authenticated: unknown
[2026-03-09 06:33:27] SSE: No user ID found in token
[2026-03-09 06:33:28] SSE: New connection attempt
[2026-03-09 06:33:28] SSE: User authenticated: unknown
[2026-03-09 06:33:28] SSE: No user ID found in token
[2026-03-09 06:33:29] SSE: New connection attempt
[2026-03-09 06:33:29] SSE: User authenticated: unknown
[2026-03-09 06:33:29] SSE: No user ID found in token
[2026-03-09 06:33:34] SSE: New connection attempt
[2026-03-09 06:33:34] SSE: User authenticated: unknown
[2026-03-09 06:33:34] SSE: No user ID found in token
[2026-03-09 06:33:39] SSE: New connection attempt
[2026-03-09 06:33:39] SSE: User authenticated: unknown
[2026-03-09 06:33:39] SSE: No user ID found in token
[2026-03-09 06:33:43] SSE: New connection attempt
[2026-03-09 06:33:43] SSE: User authenticated: unknown
[2026-03-09 06:33:43] SSE: No user ID found in token
[2026-03-09 06:33:44] SSE: New connection attempt
[2026-03-09 06:33:44] SSE: User authenticated: unknown
[2026-03-09 06:33:44] SSE: No user ID found in token
[2026-03-09 06:33:45] SSE: New connection attempt
[2026-03-09 06:33:45] SSE: User authenticated: unknown
[2026-03-09 06:33:45] SSE: No user ID found in token
[2026-03-09 06:33:45] SSE: New connection attempt
[2026-03-09 06:33:45] SSE: User authenticated: unknown
[2026-03-09 06:33:45] SSE: No user ID found in token
[2026-03-09 06:33:46] SSE: New connection attempt
[2026-03-09 06:33:46] SSE: User authenticated: unknown
[2026-03-09 06:33:46] SSE: No user ID found in token
[2026-03-09 06:33:49] SSE: New connection attempt
[2026-03-09 06:33:49] SSE: User authenticated: unknown
[2026-03-09 06:33:49] SSE: No user ID found in token
[2026-03-09 06:33:52] SSE: New connection attempt
[2026-03-09 06:33:52] SSE: No token provided
[2026-03-09 06:33:54] SSE: New connection attempt
[2026-03-09 06:33:54] SSE: User authenticated: unknown
[2026-03-09 06:33:54] SSE: No user ID found in token
[2026-03-09 06:33:55] SSE: New connection attempt
[2026-03-09 06:33:55] SSE: No token provided
[2026-03-09 06:33:57] SSE: New connection attempt
[2026-03-09 06:33:57] SSE: User authenticated: unknown
[2026-03-09 06:33:57] SSE: No user ID found in token
[2026-03-09 06:33:58] SSE: New connection attempt
[2026-03-09 06:33:58] SSE: No token provided
[2026-03-09 06:34:00] SSE: New connection attempt
[2026-03-09 06:34:00] SSE: User authenticated: unknown
[2026-03-09 06:34:00] SSE: No user ID found in token
[2026-03-09 06:34:01] SSE: New connection attempt
[2026-03-09 06:34:01] SSE: No token provided
[2026-03-09 06:34:03] SSE: New connection attempt
[2026-03-09 06:34:03] SSE: User authenticated: unknown
[2026-03-09 06:34:03] SSE: No user ID found in token
[2026-03-09 06:34:04] SSE: New connection attempt
[2026-03-09 06:34:04] SSE: No token provided
[2026-03-09 06:34:06] SSE: New connection attempt
[2026-03-09 06:34:06] SSE: User authenticated: unknown
[2026-03-09 06:34:06] SSE: No user ID found in token
[2026-03-09 06:34:07] SSE: New connection attempt
[2026-03-09 06:34:07] SSE: No token provided
[2026-03-09 06:34:09] SSE: New connection attempt
[2026-03-09 06:34:09] SSE: User authenticated: unknown
[2026-03-09 06:34:09] SSE: No user ID found in token
[2026-03-09 06:34:10] SSE: New connection attempt
[2026-03-09 06:34:10] SSE: No token provided
[2026-03-09 06:34:10] SSE: New connection attempt
[2026-03-09 06:34:10] SSE: No token provided
[2026-03-09 06:34:13] SSE: New connection attempt
[2026-03-09 06:34:13] SSE: No token provided
[2026-03-09 06:34:14] SSE: New connection attempt
[2026-03-09 06:34:14] SSE: User authenticated: unknown
[2026-03-09 06:34:14] SSE: No user ID found in token
[2026-03-09 06:34:14] SSE: New connection attempt
[2026-03-09 06:34:14] SSE: User authenticated: unknown
[2026-03-09 06:34:14] SSE: No user ID found in token
[2026-03-09 06:34:15] SSE: New connection attempt
[2026-03-09 06:34:15] SSE: User authenticated: unknown
[2026-03-09 06:34:15] SSE: No user ID found in token
[2026-03-09 06:34:15] SSE: New connection attempt
[2026-03-09 06:34:15] SSE: User authenticated: unknown
[2026-03-09 06:34:15] SSE: No user ID found in token
[2026-03-09 06:34:15] SSE: New connection attempt
[2026-03-09 06:34:15] SSE: User authenticated: unknown
[2026-03-09 06:34:15] SSE: No user ID found in token
[2026-03-09 06:34:16] SSE: New connection attempt
[2026-03-09 06:34:16] SSE: No token provided
[2026-03-09 06:34:20] SSE: New connection attempt
[2026-03-09 06:34:20] SSE: No token provided
[2026-03-09 06:34:23] SSE: New connection attempt
[2026-03-09 06:34:23] SSE: No token provided
[2026-03-09 06:34:26] SSE: New connection attempt
[2026-03-09 06:34:26] SSE: No token provided
[2026-03-09 06:34:26] SSE: New connection attempt
[2026-03-09 06:34:26] SSE: No token provided
[2026-03-09 06:34:27] SSE: New connection attempt
[2026-03-09 06:34:27] SSE: No token provided
[2026-03-09 06:34:30] SSE: New connection attempt
[2026-03-09 06:34:30] SSE: No token provided
[2026-03-09 06:34:33] SSE: New connection attempt
[2026-03-09 06:34:33] SSE: No token provided
[2026-03-09 06:34:36] SSE: New connection attempt
[2026-03-09 06:34:36] SSE: No token provided
[2026-03-09 06:34:39] SSE: New connection attempt
[2026-03-09 06:34:39] SSE: No token provided
[2026-03-09 06:34:42] SSE: New connection attempt
[2026-03-09 06:34:42] SSE: No token provided
[2026-03-09 06:34:45] SSE: New connection attempt
[2026-03-09 06:34:45] SSE: No token provided
[2026-03-09 06:34:48] SSE: New connection attempt
[2026-03-09 06:34:48] SSE: No token provided
[2026-03-09 06:34:48] SSE: New connection attempt
[2026-03-09 06:34:48] SSE: User authenticated: unknown
[2026-03-09 06:34:48] SSE: No user ID found in token
[2026-03-09 06:34:49] SSE: New connection attempt
[2026-03-09 06:34:49] SSE: User authenticated: unknown
[2026-03-09 06:34:49] SSE: No user ID found in token
[2026-03-09 06:34:49] SSE: New connection attempt
[2026-03-09 06:34:49] SSE: User authenticated: unknown
[2026-03-09 06:34:49] SSE: No user ID found in token
[2026-03-09 06:34:51] SSE: New connection attempt
[2026-03-09 06:34:51] SSE: No token provided
[2026-03-09 06:34:54] SSE: New connection attempt
[2026-03-09 06:34:54] SSE: No token provided
[2026-03-09 06:34:57] SSE: New connection attempt
[2026-03-09 06:34:57] SSE: No token provided
[2026-03-09 06:34:59] SSE: New connection attempt
[2026-03-09 06:34:59] SSE: No token provided
[2026-03-09 06:35:01] SSE: New connection attempt
[2026-03-09 06:35:01] SSE: No token provided
[2026-03-09 06:35:04] SSE: New connection attempt
[2026-03-09 06:35:04] SSE: No token provided
[2026-03-09 06:35:04] SSE: New connection attempt
[2026-03-09 06:35:04] SSE: No token provided
[2026-03-09 06:35:05] SSE: New connection attempt
[2026-03-09 06:35:05] SSE: No token provided
[2026-03-09 06:35:06] SSE: New connection attempt
[2026-03-09 06:35:06] SSE: No token provided
[2026-03-09 06:35:07] SSE: New connection attempt
[2026-03-09 06:35:07] SSE: No token provided
[2026-03-09 06:35:08] SSE: New connection attempt
[2026-03-09 06:35:08] SSE: No token provided
[2026-03-09 06:35:09] SSE: New connection attempt
[2026-03-09 06:35:09] SSE: User authenticated: unknown
[2026-03-09 06:35:09] SSE: No user ID found in token
[2026-03-09 06:35:09] SSE: New connection attempt
[2026-03-09 06:35:09] SSE: No token provided
[2026-03-09 06:35:10] SSE: New connection attempt
[2026-03-09 06:35:10] SSE: No token provided
[2026-03-09 06:35:10] SSE: New connection attempt
[2026-03-09 06:35:10] SSE: No token provided
[2026-03-09 06:35:12] SSE: New connection attempt
[2026-03-09 06:35:12] SSE: User authenticated: unknown
[2026-03-09 06:35:12] SSE: No user ID found in token
[2026-03-09 06:35:13] SSE: New connection attempt
[2026-03-09 06:35:13] SSE: No token provided
[2026-03-09 06:35:13] SSE: New connection attempt
[2026-03-09 06:35:13] SSE: No token provided
[2026-03-09 06:35:13] SSE: New connection attempt
[2026-03-09 06:35:13] SSE: No token provided
[2026-03-09 06:35:15] SSE: New connection attempt
[2026-03-09 06:35:15] SSE: User authenticated: unknown
[2026-03-09 06:35:15] SSE: No user ID found in token
[2026-03-09 06:35:16] SSE: New connection attempt
[2026-03-09 06:35:16] SSE: No token provided
[2026-03-09 06:35:16] SSE: New connection attempt
[2026-03-09 06:35:16] SSE: No token provided
[2026-03-09 06:35:16] SSE: New connection attempt
[2026-03-09 06:35:16] SSE: No token provided
[2026-03-09 06:35:18] SSE: New connection attempt
[2026-03-09 06:35:18] SSE: User authenticated: unknown
[2026-03-09 06:35:18] SSE: No user ID found in token
[2026-03-09 06:35:19] SSE: New connection attempt
[2026-03-09 06:35:19] SSE: No token provided
[2026-03-09 06:35:19] SSE: New connection attempt
[2026-03-09 06:35:19] SSE: No token provided
[2026-03-09 06:35:19] SSE: New connection attempt
[2026-03-09 06:35:19] SSE: No token provided
[2026-03-09 06:35:21] SSE: New connection attempt
[2026-03-09 06:35:21] SSE: User authenticated: unknown
[2026-03-09 06:35:21] SSE: No user ID found in token
[2026-03-09 06:35:22] SSE: New connection attempt
[2026-03-09 06:35:22] SSE: No token provided
[2026-03-09 06:35:22] SSE: New connection attempt
[2026-03-09 06:35:22] SSE: No token provided
[2026-03-09 06:35:22] SSE: New connection attempt
[2026-03-09 06:35:22] SSE: No token provided
[2026-03-09 06:35:22] SSE: New connection attempt
[2026-03-09 06:35:22] SSE: User authenticated: unknown
[2026-03-09 06:35:22] SSE: No user ID found in token
[2026-03-09 06:35:23] SSE: New connection attempt
[2026-03-09 06:35:23] SSE: User authenticated: unknown
[2026-03-09 06:35:23] SSE: No user ID found in token
[2026-03-09 06:35:23] SSE: New connection attempt
[2026-03-09 06:35:23] SSE: User authenticated: unknown
[2026-03-09 06:35:23] SSE: No user ID found in token
[2026-03-09 06:35:23] SSE: New connection attempt
[2026-03-09 06:35:23] SSE: User authenticated: unknown
[2026-03-09 06:35:23] SSE: No user ID found in token
[2026-03-09 06:35:24] SSE: New connection attempt
[2026-03-09 06:35:24] SSE: User authenticated: unknown
[2026-03-09 06:35:24] SSE: No user ID found in token
[2026-03-09 06:35:25] SSE: New connection attempt
[2026-03-09 06:35:25] SSE: No token provided
[2026-03-09 06:35:25] SSE: New connection attempt
[2026-03-09 06:35:25] SSE: No token provided
[2026-03-09 06:35:25] SSE: New connection attempt
[2026-03-09 06:35:25] SSE: No token provided
[2026-03-09 06:35:26] SSE: New connection attempt
[2026-03-09 06:35:26] SSE: User authenticated: unknown
[2026-03-09 06:35:26] SSE: No user ID found in token
[2026-03-09 06:35:29] SSE: New connection attempt
[2026-03-09 06:35:29] SSE: User authenticated: unknown
[2026-03-09 06:35:29] SSE: No user ID found in token
[2026-03-09 06:35:32] SSE: New connection attempt
[2026-03-09 06:35:32] SSE: User authenticated: unknown
[2026-03-09 06:35:32] SSE: No user ID found in token
[2026-03-09 06:35:33] SSE: New connection attempt
[2026-03-09 06:35:33] SSE: User authenticated: unknown
[2026-03-09 06:35:33] SSE: No user ID found in token
[2026-03-09 06:35:33] SSE: New connection attempt
[2026-03-09 06:35:33] SSE: User authenticated: unknown
[2026-03-09 06:35:33] SSE: No user ID found in token
[2026-03-09 06:35:34] SSE: New connection attempt
[2026-03-09 06:35:34] SSE: User authenticated: unknown
[2026-03-09 06:35:34] SSE: No user ID found in token
[2026-03-09 06:35:34] SSE: New connection attempt
[2026-03-09 06:35:34] SSE: User authenticated: unknown
[2026-03-09 06:35:34] SSE: No user ID found in token
[2026-03-09 06:35:34] SSE: New connection attempt
[2026-03-09 06:35:34] SSE: User authenticated: unknown
[2026-03-09 06:35:34] SSE: No user ID found in token
[2026-03-09 06:35:34] SSE: New connection attempt
[2026-03-09 06:35:34] SSE: User authenticated: unknown
[2026-03-09 06:35:35] SSE: No user ID found in token
[2026-03-09 06:35:35] SSE: New connection attempt
[2026-03-09 06:35:35] SSE: User authenticated: unknown
[2026-03-09 06:35:35] SSE: No user ID found in token
[2026-03-09 06:35:38] SSE: New connection attempt
[2026-03-09 06:35:38] SSE: User authenticated: unknown
[2026-03-09 06:35:38] SSE: No user ID found in token
[2026-03-09 06:35:41] SSE: New connection attempt
[2026-03-09 06:35:41] SSE: Starting status monitoring for user 
[2026-03-09 06:35:41] SSE: Initial status for user : 
[2026-03-09 06:35:41] SSE: Iteration 1 for user  - Current status: , Last status: 
[2026-03-09 06:35:51] SSE: Iteration 6 for user  - Current status: , Last status: 
[2026-03-09 06:36:01] SSE: Iteration 11 for user  - Current status: , Last status: 
[2026-03-09 06:36:07] SSE: New connection attempt
[2026-03-09 06:36:07] SSE: User authenticated: unknown
[2026-03-09 06:36:07] SSE: No user ID found in token
[2026-03-09 06:36:09] SSE: New connection attempt
[2026-03-09 06:36:09] SSE: User authenticated: unknown
[2026-03-09 06:36:09] SSE: No user ID found in token
[2026-03-09 06:36:27] SSE: New connection attempt
[2026-03-09 06:36:27] SSE: User authenticated: unknown
[2026-03-09 06:36:27] SSE: No user ID found in token
[2026-03-09 06:36:30] SSE: New connection attempt
[2026-03-09 06:36:30] SSE: User authenticated: unknown
[2026-03-09 06:36:30] SSE: No user ID found in token
[2026-03-09 06:36:32] SSE: New connection attempt
[2026-03-09 06:36:32] SSE: User authenticated: unknown
[2026-03-09 06:36:32] SSE: No user ID found in token
[2026-03-09 06:36:36] SSE: New connection attempt
[2026-03-09 06:36:36] SSE: User authenticated: unknown
[2026-03-09 06:36:36] SSE: No user ID found in token
[2026-03-09 06:36:39] SSE: New connection attempt
[2026-03-09 06:36:39] SSE: User authenticated: unknown
[2026-03-09 06:36:39] SSE: No user ID found in token
[2026-03-09 06:36:42] SSE: New connection attempt
[2026-03-09 06:36:42] SSE: User authenticated: unknown
[2026-03-09 06:36:42] SSE: No user ID found in token
[2026-03-09 06:36:43] SSE: New connection attempt
[2026-03-09 06:36:43] SSE: User authenticated: unknown
[2026-03-09 06:36:43] SSE: No user ID found in token
[2026-03-09 06:36:44] SSE: New connection attempt
[2026-03-09 06:36:44] SSE: User authenticated: unknown
[2026-03-09 06:36:44] SSE: No user ID found in token
[2026-03-09 06:36:47] SSE: New connection attempt
[2026-03-09 06:36:47] SSE: User authenticated: unknown
[2026-03-09 06:36:47] SSE: No user ID found in token
[2026-03-09 06:36:50] SSE: New connection attempt
[2026-03-09 06:36:50] SSE: User authenticated: unknown
[2026-03-09 06:36:50] SSE: No user ID found in token
[2026-03-09 06:36:53] SSE: New connection attempt
[2026-03-09 06:36:53] SSE: User authenticated: unknown
[2026-03-09 06:36:53] SSE: No user ID found in token
[2026-03-09 06:36:56] SSE: New connection attempt
[2026-03-09 06:36:56] SSE: User authenticated: unknown
[2026-03-09 06:36:56] SSE: No user ID found in token
[2026-03-09 06:36:59] SSE: New connection attempt
[2026-03-09 06:36:59] SSE: User authenticated: unknown
[2026-03-09 06:36:59] SSE: No user ID found in token
[2026-03-09 06:37:02] SSE: New connection attempt
[2026-03-09 06:37:02] SSE: User authenticated: unknown
[2026-03-09 06:37:02] SSE: No user ID found in token
[2026-03-09 06:37:05] SSE: New connection attempt
[2026-03-09 06:37:05] SSE: User authenticated: unknown
[2026-03-09 06:37:05] SSE: No user ID found in token
[2026-03-09 06:37:08] SSE: New connection attempt
[2026-03-09 06:37:08] SSE: User authenticated: unknown
[2026-03-09 06:37:08] SSE: No user ID found in token
[2026-03-09 06:37:11] SSE: New connection attempt
[2026-03-09 06:37:11] SSE: User authenticated: unknown
[2026-03-09 06:37:11] SSE: No user ID found in token
[2026-03-09 06:37:14] SSE: New connection attempt
[2026-03-09 06:37:14] SSE: User authenticated: unknown
[2026-03-09 06:37:14] SSE: No user ID found in token
[2026-03-09 06:37:17] SSE: New connection attempt
[2026-03-09 06:37:17] SSE: User authenticated: unknown
[2026-03-09 06:37:17] SSE: No user ID found in token
[2026-03-09 06:37:20] SSE: New connection attempt
[2026-03-09 06:37:20] SSE: User authenticated: unknown
[2026-03-09 06:37:20] SSE: No user ID found in token
[2026-03-09 06:37:23] SSE: New connection attempt
[2026-03-09 06:37:23] SSE: User authenticated: unknown
[2026-03-09 06:37:23] SSE: No user ID found in token
[2026-03-09 06:37:26] SSE: New connection attempt
[2026-03-09 06:37:26] SSE: User authenticated: unknown
[2026-03-09 06:37:26] SSE: No user ID found in token
[2026-03-09 06:37:29] SSE: New connection attempt
[2026-03-09 06:37:29] SSE: User authenticated: unknown
[2026-03-09 06:37:29] SSE: No user ID found in token
[2026-03-09 06:37:32] SSE: New connection attempt
[2026-03-09 06:37:32] SSE: User authenticated: unknown
[2026-03-09 06:37:32] SSE: No user ID found in token
[2026-03-09 06:37:35] SSE: New connection attempt
[2026-03-09 06:37:35] SSE: User authenticated: unknown
[2026-03-09 06:37:35] SSE: No user ID found in token
[2026-03-09 06:37:38] SSE: New connection attempt
[2026-03-09 06:37:38] SSE: User authenticated: unknown
[2026-03-09 06:37:38] SSE: No user ID found in token
[2026-03-09 06:37:41] SSE: New connection attempt
[2026-03-09 06:37:41] SSE: User authenticated: unknown
[2026-03-09 06:37:41] SSE: No user ID found in token
[2026-03-09 06:37:44] SSE: New connection attempt
[2026-03-09 06:37:44] SSE: User authenticated: unknown
[2026-03-09 06:37:44] SSE: No user ID found in token
[2026-03-09 06:37:47] SSE: New connection attempt
[2026-03-09 06:37:47] SSE: User authenticated: unknown
[2026-03-09 06:37:47] SSE: No user ID found in token
[2026-03-09 06:37:50] SSE: New connection attempt
[2026-03-09 06:37:50] SSE: User authenticated: unknown
[2026-03-09 06:37:50] SSE: No user ID found in token
[2026-03-09 06:37:53] SSE: New connection attempt
[2026-03-09 06:37:53] SSE: User authenticated: unknown
[2026-03-09 06:37:53] SSE: No user ID found in token
[2026-03-09 06:37:56] SSE: New connection attempt
[2026-03-09 06:37:56] SSE: User authenticated: unknown
[2026-03-09 06:37:56] SSE: No user ID found in token
[2026-03-09 06:37:59] SSE: New connection attempt
[2026-03-09 06:37:59] SSE: User authenticated: unknown
[2026-03-09 06:37:59] SSE: No user ID found in token
[2026-03-09 06:38:02] SSE: New connection attempt
[2026-03-09 06:38:02] SSE: User authenticated: unknown
[2026-03-09 06:38:02] SSE: No user ID found in token
[2026-03-09 06:38:05] SSE: New connection attempt
[2026-03-09 06:38:05] SSE: User authenticated: unknown
[2026-03-09 06:38:05] SSE: No user ID found in token
[2026-03-09 06:38:08] SSE: New connection attempt
[2026-03-09 06:38:08] SSE: User authenticated: unknown
[2026-03-09 06:38:08] SSE: No user ID found in token
[2026-03-09 06:38:11] SSE: New connection attempt
[2026-03-09 06:38:11] SSE: User authenticated: unknown
[2026-03-09 06:38:11] SSE: No user ID found in token
[2026-03-09 06:38:14] SSE: New connection attempt
[2026-03-09 06:38:14] SSE: User authenticated: unknown
[2026-03-09 06:38:14] SSE: No user ID found in token
[2026-03-09 06:38:17] SSE: New connection attempt
[2026-03-09 06:38:17] SSE: User authenticated: unknown
[2026-03-09 06:38:17] SSE: Initial status for user bc0fb25a-f9ca-2898-6a49-1cf780b298d3: SUSPENDED
[2026-03-09 06:38:17] SSE: Iteration 1 for user bc0fb25a-f9ca-2898-6a49-1cf780b298d3 - Current status: SUSPENDED, Last status: SUSPENDED
[2026-03-09 06:38:27] SSE: Iteration 6 for user bc0fb25a-f9ca-2898-6a49-1cf780b298d3 - Current status: SUSPENDED, Last status: SUSPENDED
[2026-03-09 06:38:37] SSE: Iteration 11 for user bc0fb25a-f9ca-2898-6a49-1cf780b298d3 - Current status: SUSPENDED, Last status: SUSPENDED
[2026-03-09 06:38:47] SSE: Iteration 16 for user bc0fb25a-f9ca-2898-6a49-1cf780b298d3 - Current status: SUSPENDED, Last status: SUSPENDED
[2026-03-09 06:38:57] SSE: Iteration 21 for user bc0fb25a-f9ca-2898-6a49-1cf780b298d3 - Current status: SUSPENDED, Last status: SUSPENDED
[2026-03-09 06:39:07] SSE: Iteration 26 for user bc0fb25a-f9ca-2898-6a49-1cf780b298d3 - Current status: SUSPENDED, Last status: SUSPENDED
[2026-03-09 06:39:17] SSE: Iteration 31 for user bc0fb25a-f9ca-2898-6a49-1cf780b298d3 - Current status: SUSPENDED, Last status: SUSPENDED
[2026-03-09 06:39:27] SSE: Iteration 36 for user bc0fb25a-f9ca-2898-6a49-1cf780b298d3 - Current status: SUSPENDED, Last status: SUSPENDED
[2026-03-09 06:39:37] SSE: Iteration 41 for user bc0fb25a-f9ca-2898-6a49-1cf780b298d3 - Current status: SUSPENDED, Last status: SUSPENDED
[2026-03-09 06:39:47] SSE: Iteration 46 for user bc0fb25a-f9ca-2898-6a49-1cf780b298d3 - Current status: SUSPENDED, Last status: SUSPENDED
[2026-03-09 06:39:57] SSE: Iteration 51 for user bc0fb25a-f9ca-2898-6a49-1cf780b298d3 - Current status: SUSPENDED, Last status: SUSPENDED
[2026-03-09 06:40:07] SSE: Iteration 56 for user bc0fb25a-f9ca-2898-6a49-1cf780b298d3 - Current status: SUSPENDED, Last status: SUSPENDED
[2026-03-09 06:40:17] SSE: Iteration 61 for user bc0fb25a-f9ca-2898-6a49-1cf780b298d3 - Current status: SUSPENDED, Last status: SUSPENDED
[2026-03-09 06:40:27] SSE: Iteration 66 for user bc0fb25a-f9ca-2898-6a49-1cf780b298d3 - Current status: SUSPENDED, Last status: SUSPENDED
[2026-03-09 06:40:37] SSE: Iteration 71 for user bc0fb25a-f9ca-2898-6a49-1cf780b298d3 - Current status: SUSPENDED, Last status: SUSPENDED
[2026-03-09 06:40:47] SSE: Iteration 76 for user bc0fb25a-f9ca-2898-6a49-1cf780b298d3 - Current status: SUSPENDED, Last status: SUSPENDED
[2026-03-09 06:40:57] SSE: Iteration 81 for user bc0fb25a-f9ca-2898-6a49-1cf780b298d3 - Current status: SUSPENDED, Last status: SUSPENDED
[2026-03-09 06:41:07] SSE: Iteration 86 for user bc0fb25a-f9ca-2898-6a49-1cf780b298d3 - Current status: SUSPENDED, Last status: SUSPENDED
[2026-03-09 06:41:17] SSE: Iteration 91 for user bc0fb25a-f9ca-2898-6a49-1cf780b298d3 - Current status: SUSPENDED, Last status: SUSPENDED
[2026-03-09 06:41:27] SSE: Iteration 96 for user bc0fb25a-f9ca-2898-6a49-1cf780b298d3 - Current status: SUSPENDED, Last status: SUSPENDED
[2026-03-09 06:41:37] SSE: Iteration 101 for user bc0fb25a-f9ca-2898-6a49-1cf780b298d3 - Current status: SUSPENDED, Last status: SUSPENDED
[2026-03-09 06:41:47] SSE: Iteration 106 for user bc0fb25a-f9ca-2898-6a49-1cf780b298d3 - Current status: SUSPENDED, Last status: SUSPENDED
[2026-03-09 06:41:57] SSE: Iteration 111 for user bc0fb25a-f9ca-2898-6a49-1cf780b298d3 - Current status: SUSPENDED, Last status: SUSPENDED
[2026-03-09 06:42:07] SSE: Iteration 116 for user bc0fb25a-f9ca-2898-6a49-1cf780b298d3 - Current status: SUSPENDED, Last status: SUSPENDED
[2026-03-09 06:42:17] SSE: Iteration 121 for user bc0fb25a-f9ca-2898-6a49-1cf780b298d3 - Current status: SUSPENDED, Last status: SUSPENDED
[2026-03-09 06:42:27] SSE: Iteration 126 for user bc0fb25a-f9ca-2898-6a49-1cf780b298d3 - Current status: SUSPENDED, Last status: SUSPENDED
[2026-03-09 06:42:38] SSE: Iteration 131 for user bc0fb25a-f9ca-2898-6a49-1cf780b298d3 - Current status: SUSPENDED, Last status: SUSPENDED
[2026-03-09 06:42:48] SSE: Iteration 136 for user bc0fb25a-f9ca-2898-6a49-1cf780b298d3 - Current status: SUSPENDED, Last status: SUSPENDED
[2026-03-09 06:42:58] SSE: Iteration 141 for user bc0fb25a-f9ca-2898-6a49-1cf780b298d3 - Current status: SUSPENDED, Last status: SUSPENDED
[2026-03-09 06:43:08] SSE: Iteration 146 for user bc0fb25a-f9ca-2898-6a49-1cf780b298d3 - Current status: SUSPENDED, Last status: SUSPENDED
[2026-03-09 06:47:03] SSE: New connection attempt
[2026-03-09 06:47:03] SSE: User authenticated: unknown
[2026-03-09 06:47:03] SSE: Initial status for user bc0fb25a-f9ca-2898-6a49-1cf780b298d3: ACTIVE
[2026-03-09 06:47:03] SSE: Iteration 1 for user bc0fb25a-f9ca-2898-6a49-1cf780b298d3 - Current status: ACTIVE, Last status: ACTIVE
[2026-03-09 06:47:13] SSE: Iteration 6 for user bc0fb25a-f9ca-2898-6a49-1cf780b298d3 - Current status: ACTIVE, Last status: ACTIVE
[2026-03-09 06:47:23] SSE: Iteration 11 for user bc0fb25a-f9ca-2898-6a49-1cf780b298d3 - Current status: ACTIVE, Last status: ACTIVE
[2026-03-09 06:47:33] SSE: Iteration 16 for user bc0fb25a-f9ca-2898-6a49-1cf780b298d3 - Current status: ACTIVE, Last status: ACTIVE
[2026-03-09 06:47:43] SSE: Iteration 21 for user bc0fb25a-f9ca-2898-6a49-1cf780b298d3 - Current status: ACTIVE, Last status: ACTIVE
[2026-03-09 06:48:09] SSE: New connection attempt
[2026-03-09 06:48:09] SSE: User authenticated: unknown
[2026-03-09 06:48:09] SSE: Initial status for user bc0fb25a-f9ca-2898-6a49-1cf780b298d3: ACTIVE
[2026-03-09 06:48:09] SSE: Iteration 1 for user bc0fb25a-f9ca-2898-6a49-1cf780b298d3 - Current status: ACTIVE, Last status: ACTIVE
[2026-03-09 06:48:19] SSE: Iteration 6 for user bc0fb25a-f9ca-2898-6a49-1cf780b298d3 - Current status: ACTIVE, Last status: ACTIVE
[2026-03-09 06:48:29] SSE: Iteration 11 for user bc0fb25a-f9ca-2898-6a49-1cf780b298d3 - Current status: ACTIVE, Last status: ACTIVE
[2026-03-09 06:48:39] SSE: Iteration 16 for user bc0fb25a-f9ca-2898-6a49-1cf780b298d3 - Current status: ACTIVE, Last status: ACTIVE
[2026-03-09 06:48:49] SSE: Iteration 21 for user bc0fb25a-f9ca-2898-6a49-1cf780b298d3 - Current status: ACTIVE, Last status: ACTIVE
[2026-03-09 06:48:59] SSE: Iteration 26 for user bc0fb25a-f9ca-2898-6a49-1cf780b298d3 - Current status: ACTIVE, Last status: ACTIVE
[2026-03-09 06:49:09] SSE: Iteration 31 for user bc0fb25a-f9ca-2898-6a49-1cf780b298d3 - Current status: ACTIVE, Last status: ACTIVE
[2026-03-09 06:49:19] SSE: Iteration 36 for user bc0fb25a-f9ca-2898-6a49-1cf780b298d3 - Current status: ACTIVE, Last status: ACTIVE
[2026-03-09 06:49:29] SSE: Iteration 41 for user bc0fb25a-f9ca-2898-6a49-1cf780b298d3 - Current status: ACTIVE, Last status: ACTIVE
[2026-03-09 06:49:39] SSE: Iteration 46 for user bc0fb25a-f9ca-2898-6a49-1cf780b298d3 - Current status: ACTIVE, Last status: ACTIVE
[2026-03-09 06:49:50] SSE: Iteration 51 for user bc0fb25a-f9ca-2898-6a49-1cf780b298d3 - Current status: ACTIVE, Last status: ACTIVE
[2026-03-09 06:50:00] SSE: Iteration 56 for user bc0fb25a-f9ca-2898-6a49-1cf780b298d3 - Current status: ACTIVE, Last status: ACTIVE
[2026-03-09 06:50:10] SSE: Iteration 61 for user bc0fb25a-f9ca-2898-6a49-1cf780b298d3 - Current status: ACTIVE, Last status: ACTIVE
[2026-03-09 06:50:20] SSE: Iteration 66 for user bc0fb25a-f9ca-2898-6a49-1cf780b298d3 - Current status: ACTIVE, Last status: ACTIVE
[2026-03-09 06:50:30] SSE: Iteration 71 for user bc0fb25a-f9ca-2898-6a49-1cf780b298d3 - Current status: ACTIVE, Last status: ACTIVE
[2026-03-09 06:50:40] SSE: Iteration 76 for user bc0fb25a-f9ca-2898-6a49-1cf780b298d3 - Current status: ACTIVE, Last status: ACTIVE
[2026-03-09 06:50:50] SSE: Iteration 81 for user bc0fb25a-f9ca-2898-6a49-1cf780b298d3 - Current status: ACTIVE, Last status: ACTIVE
[2026-03-09 06:51:00] SSE: Iteration 86 for user bc0fb25a-f9ca-2898-6a49-1cf780b298d3 - Current status: ACTIVE, Last status: ACTIVE
[2026-03-09 06:51:10] SSE: Iteration 91 for user bc0fb25a-f9ca-2898-6a49-1cf780b298d3 - Current status: ACTIVE, Last status: ACTIVE
[2026-03-09 06:51:20] SSE: Iteration 96 for user bc0fb25a-f9ca-2898-6a49-1cf780b298d3 - Current status: ACTIVE, Last status: ACTIVE
[2026-03-09 06:51:30] SSE: Iteration 101 for user bc0fb25a-f9ca-2898-6a49-1cf780b298d3 - Current status: ACTIVE, Last status: ACTIVE
[2026-03-09 06:51:40] SSE: Iteration 106 for user bc0fb25a-f9ca-2898-6a49-1cf780b298d3 - Current status: ACTIVE, Last status: ACTIVE
[2026-03-09 06:51:50] SSE: Iteration 111 for user bc0fb25a-f9ca-2898-6a49-1cf780b298d3 - Current status: ACTIVE, Last status: ACTIVE
[2026-03-09 06:52:00] SSE: Iteration 116 for user bc0fb25a-f9ca-2898-6a49-1cf780b298d3 - Current status: ACTIVE, Last status: ACTIVE
[2026-03-09 06:52:10] SSE: Iteration 121 for user bc0fb25a-f9ca-2898-6a49-1cf780b298d3 - Current status: ACTIVE, Last status: ACTIVE
[2026-03-09 06:52:20] SSE: Iteration 126 for user bc0fb25a-f9ca-2898-6a49-1cf780b298d3 - Current status: ACTIVE, Last status: ACTIVE
[2026-03-09 06:52:30] SSE: Iteration 131 for user bc0fb25a-f9ca-2898-6a49-1cf780b298d3 - Current status: ACTIVE, Last status: ACTIVE
[2026-03-09 06:52:40] SSE: Iteration 136 for user bc0fb25a-f9ca-2898-6a49-1cf780b298d3 - Current status: ACTIVE, Last status: ACTIVE
[2026-03-09 06:52:50] SSE: Iteration 141 for user bc0fb25a-f9ca-2898-6a49-1cf780b298d3 - Current status: ACTIVE, Last status: ACTIVE
[2026-03-09 06:53:00] SSE: Iteration 146 for user bc0fb25a-f9ca-2898-6a49-1cf780b298d3 - Current status: ACTIVE, Last status: ACTIVE
[2026-03-09 07:04:08] SSE: New connection attempt
[2026-03-09 07:04:08] SSE: User authenticated: unknown
[2026-03-09 07:04:08] SSE: Initial status for user bc0fb25a-f9ca-2898-6a49-1cf780b298d3: ACTIVE
[2026-03-09 07:04:08] SSE: Iteration 1 for user bc0fb25a-f9ca-2898-6a49-1cf780b298d3 - Current status: ACTIVE, Last status: ACTIVE
[2026-03-09 07:04:18] SSE: Iteration 6 for user bc0fb25a-f9ca-2898-6a49-1cf780b298d3 - Current status: ACTIVE, Last status: ACTIVE
[2026-03-09 07:04:28] SSE: Iteration 11 for user bc0fb25a-f9ca-2898-6a49-1cf780b298d3 - Current status: ACTIVE, Last status: ACTIVE
[2026-03-09 07:04:38] SSE: Iteration 16 for user bc0fb25a-f9ca-2898-6a49-1cf780b298d3 - Current status: ACTIVE, Last status: ACTIVE
[2026-03-09 07:04:48] SSE: Iteration 21 for user bc0fb25a-f9ca-2898-6a49-1cf780b298d3 - Current status: ACTIVE, Last status: ACTIVE
[2026-03-09 07:04:58] SSE: Iteration 26 for user bc0fb25a-f9ca-2898-6a49-1cf780b298d3 - Current status: ACTIVE, Last status: ACTIVE
[2026-03-09 07:05:08] SSE: Iteration 31 for user bc0fb25a-f9ca-2898-6a49-1cf780b298d3 - Current status: ACTIVE, Last status: ACTIVE
[2026-03-09 07:05:18] SSE: Iteration 36 for user bc0fb25a-f9ca-2898-6a49-1cf780b298d3 - Current status: ACTIVE, Last status: ACTIVE
[2026-03-09 07:05:28] SSE: Iteration 41 for user bc0fb25a-f9ca-2898-6a49-1cf780b298d3 - Current status: ACTIVE, Last status: ACTIVE
[2026-03-09 08:01:50] SSE: New connection attempt
[2026-03-09 08:01:50] SSE: User authenticated: 89d995a0-6341-675f-adb9-150870086d45
[2026-03-09 08:01:50] SSE: Initial status for user 89d995a0-6341-675f-adb9-150870086d45: ACTIVE
[2026-03-09 08:01:50] SSE: Iteration 1 for user 89d995a0-6341-675f-adb9-150870086d45 - Current status: ACTIVE, Last status: ACTIVE
[2026-03-09 08:02:00] SSE: Iteration 6 for user 89d995a0-6341-675f-adb9-150870086d45 - Current status: ACTIVE, Last status: ACTIVE
[2026-03-09 08:02:10] SSE: Iteration 11 for user 89d995a0-6341-675f-adb9-150870086d45 - Current status: ACTIVE, Last status: ACTIVE
[2026-03-09 08:02:20] SSE: Iteration 16 for user 89d995a0-6341-675f-adb9-150870086d45 - Current status: ACTIVE, Last status: ACTIVE
[2026-03-09 08:02:30] SSE: Iteration 21 for user 89d995a0-6341-675f-adb9-150870086d45 - Current status: ACTIVE, Last status: ACTIVE
[2026-03-09 08:02:40] SSE: Iteration 26 for user 89d995a0-6341-675f-adb9-150870086d45 - Current status: ACTIVE, Last status: ACTIVE
[2026-03-09 08:02:50] SSE: Iteration 31 for user 89d995a0-6341-675f-adb9-150870086d45 - Current status: ACTIVE, Last status: ACTIVE
[2026-03-09 08:03:00] SSE: Iteration 36 for user 89d995a0-6341-675f-adb9-150870086d45 - Current status: ACTIVE, Last status: ACTIVE
[2026-03-09 08:03:10] SSE: Iteration 41 for user 89d995a0-6341-675f-adb9-150870086d45 - Current status: ACTIVE, Last status: ACTIVE
[2026-03-09 08:03:20] SSE: Iteration 46 for user 89d995a0-6341-675f-adb9-150870086d45 - Current status: ACTIVE, Last status: ACTIVE
[2026-03-09 08:03:30] SSE: Iteration 51 for user 89d995a0-6341-675f-adb9-150870086d45 - Current status: ACTIVE, Last status: ACTIVE
[2026-03-09 08:03:40] SSE: Iteration 56 for user 89d995a0-6341-675f-adb9-150870086d45 - Current status: ACTIVE, Last status: ACTIVE
[2026-03-09 08:03:50] SSE: Iteration 61 for user 89d995a0-6341-675f-adb9-150870086d45 - Current status: ACTIVE, Last status: ACTIVE
[2026-03-09 08:04:00] SSE: Iteration 66 for user 89d995a0-6341-675f-adb9-150870086d45 - Current status: ACTIVE, Last status: ACTIVE
[2026-03-09 08:04:10] SSE: Iteration 71 for user 89d995a0-6341-675f-adb9-150870086d45 - Current status: ACTIVE, Last status: ACTIVE
[2026-03-09 08:04:20] SSE: Iteration 76 for user 89d995a0-6341-675f-adb9-150870086d45 - Current status: ACTIVE, Last status: ACTIVE
[2026-03-09 08:04:30] SSE: Iteration 81 for user 89d995a0-6341-675f-adb9-150870086d45 - Current status: ACTIVE, Last status: ACTIVE
[2026-03-09 08:04:40] SSE: Iteration 86 for user 89d995a0-6341-675f-adb9-150870086d45 - Current status: ACTIVE, Last status: ACTIVE
[2026-03-09 08:26:02] SSE: New connection attempt
[2026-03-09 08:26:02] SSE: No token provided
[2026-03-09 08:26:28] SSE: New connection attempt
[2026-03-09 08:26:28] SSE: User authenticated: unknown
[2026-03-09 08:26:28] SSE: No user ID found in token
[2026-03-09 08:27:03] SSE: New connection attempt
[2026-03-09 08:27:03] SSE: User authenticated: unknown
[2026-03-09 08:27:03] SSE: No user ID found in token
[2026-03-09 08:27:06] SSE: New connection attempt
[2026-03-09 08:27:06] SSE: User authenticated: unknown
[2026-03-09 08:27:06] SSE: No user ID found in token
[2026-03-09 08:27:09] SSE: New connection attempt
[2026-03-09 08:27:09] SSE: User authenticated: unknown
[2026-03-09 08:27:09] SSE: No user ID found in token
[2026-03-09 08:27:12] SSE: New connection attempt
[2026-03-09 08:27:12] SSE: User authenticated: unknown
[2026-03-09 08:27:12] SSE: No user ID found in token
[2026-03-09 08:27:15] SSE: New connection attempt
[2026-03-09 08:27:15] SSE: User authenticated: unknown
[2026-03-09 08:27:15] SSE: No user ID found in token
[2026-03-09 08:27:18] SSE: New connection attempt
[2026-03-09 08:27:18] SSE: User authenticated: unknown
[2026-03-09 08:27:18] SSE: No user ID found in token
[2026-03-09 08:27:20] SSE: New connection attempt
[2026-03-09 08:27:20] SSE: User authenticated: unknown
[2026-03-09 08:27:20] SSE: No user ID found in token
[2026-03-09 08:27:23] SSE: New connection attempt
[2026-03-09 08:27:23] SSE: User authenticated: unknown
[2026-03-09 08:27:23] SSE: No user ID found in token
[2026-03-09 08:27:26] SSE: New connection attempt
[2026-03-09 08:27:26] SSE: User authenticated: unknown
[2026-03-09 08:27:26] SSE: No user ID found in token
[2026-03-09 08:27:46] SSE: New connection attempt
[2026-03-09 08:27:46] SSE: User authenticated: unknown
[2026-03-09 08:27:46] SSE: No user ID found in token
[2026-03-09 08:27:47] SSE: New connection attempt
[2026-03-09 08:27:47] SSE: User authenticated: unknown
[2026-03-09 08:27:47] SSE: No user ID found in token
[2026-03-09 08:27:50] SSE: New connection attempt
[2026-03-09 08:27:50] SSE: User authenticated: unknown
[2026-03-09 08:27:50] SSE: No user ID found in token
[2026-03-09 08:27:51] SSE: New connection attempt
[2026-03-09 08:27:51] SSE: User authenticated: unknown
[2026-03-09 08:27:51] SSE: No user ID found in token
[2026-03-09 08:27:53] SSE: New connection attempt
[2026-03-09 08:27:53] SSE: User authenticated: unknown
[2026-03-09 08:27:53] SSE: No user ID found in token
[2026-03-09 08:27:54] SSE: New connection attempt
[2026-03-09 08:27:54] SSE: User authenticated: unknown
[2026-03-09 08:27:54] SSE: No user ID found in token
[2026-03-09 08:27:56] SSE: New connection attempt
[2026-03-09 08:27:56] SSE: User authenticated: unknown
[2026-03-09 08:27:56] SSE: No user ID found in token
[2026-03-09 08:27:57] SSE: New connection attempt
[2026-03-09 08:27:57] SSE: User authenticated: unknown
[2026-03-09 08:27:57] SSE: No user ID found in token
[2026-03-09 08:27:59] SSE: New connection attempt
[2026-03-09 08:27:59] SSE: User authenticated: unknown
[2026-03-09 08:27:59] SSE: No user ID found in token
[2026-03-09 08:28:00] SSE: New connection attempt
[2026-03-09 08:28:00] SSE: User authenticated: unknown
[2026-03-09 08:28:00] SSE: No user ID found in token
[2026-03-09 08:28:02] SSE: New connection attempt
[2026-03-09 08:28:02] SSE: User authenticated: unknown
[2026-03-09 08:28:02] SSE: No user ID found in token
[2026-03-09 08:28:03] SSE: New connection attempt
[2026-03-09 08:28:03] SSE: User authenticated: unknown
[2026-03-09 08:28:03] SSE: No user ID found in token
[2026-03-09 08:28:05] SSE: New connection attempt
[2026-03-09 08:28:05] SSE: User authenticated: unknown
[2026-03-09 08:28:05] SSE: No user ID found in token
[2026-03-09 08:28:06] SSE: New connection attempt
[2026-03-09 08:28:06] SSE: User authenticated: unknown
[2026-03-09 08:28:06] SSE: No user ID found in token
[2026-03-09 08:28:08] SSE: New connection attempt
[2026-03-09 08:28:08] SSE: User authenticated: unknown
[2026-03-09 08:28:08] SSE: No user ID found in token
[2026-03-09 08:28:09] SSE: New connection attempt
[2026-03-09 08:28:09] SSE: User authenticated: unknown
[2026-03-09 08:28:09] SSE: No user ID found in token
[2026-03-09 08:28:11] SSE: New connection attempt
[2026-03-09 08:28:11] SSE: User authenticated: unknown
[2026-03-09 08:28:11] SSE: No user ID found in token
[2026-03-09 08:28:12] SSE: New connection attempt
[2026-03-09 08:28:12] SSE: User authenticated: unknown
[2026-03-09 08:28:12] SSE: No user ID found in token
[2026-03-09 08:28:14] SSE: New connection attempt
[2026-03-09 08:28:14] SSE: User authenticated: unknown
[2026-03-09 08:28:14] SSE: No user ID found in token
[2026-03-09 08:28:15] SSE: New connection attempt
[2026-03-09 08:28:15] SSE: User authenticated: unknown
[2026-03-09 08:28:15] SSE: No user ID found in token
[2026-03-09 08:28:17] SSE: New connection attempt
[2026-03-09 08:28:17] SSE: User authenticated: unknown
[2026-03-09 08:28:17] SSE: No user ID found in token
[2026-03-09 08:28:18] SSE: New connection attempt
[2026-03-09 08:28:18] SSE: User authenticated: unknown
[2026-03-09 08:28:18] SSE: No user ID found in token
[2026-03-09 08:28:20] SSE: New connection attempt
[2026-03-09 08:28:20] SSE: User authenticated: unknown
[2026-03-09 08:28:20] SSE: No user ID found in token
[2026-03-09 08:28:22] SSE: New connection attempt
[2026-03-09 08:28:22] SSE: User authenticated: unknown
[2026-03-09 08:28:22] SSE: No user ID found in token
[2026-03-09 08:28:23] SSE: New connection attempt
[2026-03-09 08:28:23] SSE: User authenticated: unknown
[2026-03-09 08:28:23] SSE: No user ID found in token
[2026-03-09 08:28:25] SSE: New connection attempt
[2026-03-09 08:28:25] SSE: User authenticated: unknown
[2026-03-09 08:28:25] SSE: No user ID found in token
[2026-03-09 08:28:26] SSE: New connection attempt
[2026-03-09 08:28:26] SSE: User authenticated: unknown
[2026-03-09 08:28:26] SSE: No user ID found in token
[2026-03-09 08:28:28] SSE: New connection attempt
[2026-03-09 08:28:28] SSE: User authenticated: unknown
[2026-03-09 08:28:28] SSE: No user ID found in token
[2026-03-09 08:28:29] SSE: New connection attempt
[2026-03-09 08:28:29] SSE: User authenticated: unknown
[2026-03-09 08:28:29] SSE: No user ID found in token
[2026-03-09 08:28:31] SSE: New connection attempt
[2026-03-09 08:28:31] SSE: User authenticated: unknown
[2026-03-09 08:28:31] SSE: No user ID found in token
[2026-03-09 08:28:32] SSE: New connection attempt
[2026-03-09 08:28:32] SSE: User authenticated: unknown
[2026-03-09 08:28:32] SSE: No user ID found in token
[2026-03-09 08:28:34] SSE: New connection attempt
[2026-03-09 08:28:34] SSE: User authenticated: unknown
[2026-03-09 08:28:34] SSE: No user ID found in token
[2026-03-09 08:28:35] SSE: New connection attempt
[2026-03-09 08:28:35] SSE: User authenticated: unknown
[2026-03-09 08:28:35] SSE: No user ID found in token
[2026-03-09 08:28:38] SSE: New connection attempt
[2026-03-09 08:28:38] SSE: User authenticated: unknown
[2026-03-09 08:28:38] SSE: No user ID found in token
[2026-03-09 08:28:41] SSE: New connection attempt
[2026-03-09 08:28:41] SSE: User authenticated: unknown
[2026-03-09 08:28:41] SSE: No user ID found in token
[2026-03-09 08:28:44] SSE: New connection attempt
[2026-03-09 08:28:44] SSE: User authenticated: unknown
[2026-03-09 08:28:44] SSE: No user ID found in token
[2026-03-09 08:28:47] SSE: New connection attempt
[2026-03-09 08:28:47] SSE: User authenticated: unknown
[2026-03-09 08:28:47] SSE: No user ID found in token
[2026-03-09 08:28:49] SSE: New connection attempt
[2026-03-09 08:28:49] SSE: User authenticated: unknown
[2026-03-09 08:28:49] SSE: No user ID found in token
[2026-03-09 08:28:51] SSE: New connection attempt
[2026-03-09 08:28:51] SSE: User authenticated: unknown
[2026-03-09 08:28:51] SSE: No user ID found in token
[2026-03-09 08:28:54] SSE: New connection attempt
[2026-03-09 08:28:54] SSE: User authenticated: unknown
[2026-03-09 08:28:54] SSE: No user ID found in token
[2026-03-09 08:28:57] SSE: New connection attempt
[2026-03-09 08:28:57] SSE: User authenticated: unknown
[2026-03-09 08:28:57] SSE: No user ID found in token
[2026-03-09 08:28:58] SSE: New connection attempt
[2026-03-09 08:28:58] SSE: User authenticated: unknown
[2026-03-09 08:28:58] SSE: No user ID found in token
[2026-03-09 08:29:01] SSE: New connection attempt
[2026-03-09 08:29:01] SSE: User authenticated: unknown
[2026-03-09 08:29:01] SSE: No user ID found in token
[2026-03-09 08:29:04] SSE: New connection attempt
[2026-03-09 08:29:04] SSE: User authenticated: unknown
[2026-03-09 08:29:04] SSE: No user ID found in token
[2026-03-09 08:29:05] SSE: New connection attempt
[2026-03-09 08:29:05] SSE: User authenticated: unknown
[2026-03-09 08:29:05] SSE: No user ID found in token
[2026-03-09 08:29:06] SSE: New connection attempt
[2026-03-09 08:29:06] SSE: User authenticated: unknown
[2026-03-09 08:29:06] SSE: No user ID found in token
[2026-03-09 08:29:06] SSE: New connection attempt
[2026-03-09 08:29:06] SSE: User authenticated: unknown
[2026-03-09 08:29:06] SSE: No user ID found in token
[2026-03-09 08:29:09] SSE: New connection attempt
[2026-03-09 08:29:09] SSE: User authenticated: unknown
[2026-03-09 08:29:09] SSE: No user ID found in token
[2026-03-09 08:29:12] SSE: New connection attempt
[2026-03-09 08:29:12] SSE: User authenticated: unknown
[2026-03-09 08:29:12] SSE: No user ID found in token
[2026-03-09 08:29:15] SSE: New connection attempt
[2026-03-09 08:29:15] SSE: User authenticated: unknown
[2026-03-09 08:29:15] SSE: No user ID found in token
[2026-03-09 08:29:18] SSE: New connection attempt
[2026-03-09 08:29:18] SSE: User authenticated: unknown
[2026-03-09 08:29:18] SSE: No user ID found in token
[2026-03-09 08:29:21] SSE: New connection attempt
[2026-03-09 08:29:21] SSE: User authenticated: unknown
[2026-03-09 08:29:21] SSE: No user ID found in token
[2026-03-09 08:29:24] SSE: New connection attempt
[2026-03-09 08:29:24] SSE: User authenticated: unknown
[2026-03-09 08:29:24] SSE: No user ID found in token
[2026-03-09 08:29:27] SSE: New connection attempt
[2026-03-09 08:29:27] SSE: User authenticated: unknown
[2026-03-09 08:29:27] SSE: No user ID found in token
[2026-03-09 08:29:30] SSE: New connection attempt
[2026-03-09 08:29:30] SSE: User authenticated: unknown
[2026-03-09 08:29:30] SSE: No user ID found in token
[2026-03-09 08:29:33] SSE: New connection attempt
[2026-03-09 08:29:33] SSE: User authenticated: unknown
[2026-03-09 08:29:33] SSE: No user ID found in token
[2026-03-09 08:29:36] SSE: New connection attempt
[2026-03-09 08:29:36] SSE: User authenticated: unknown
[2026-03-09 08:29:36] SSE: No user ID found in token
[2026-03-09 08:29:39] SSE: New connection attempt
[2026-03-09 08:29:39] SSE: User authenticated: unknown
[2026-03-09 08:29:39] SSE: No user ID found in token
[2026-03-09 08:29:42] SSE: New connection attempt
[2026-03-09 08:29:42] SSE: User authenticated: unknown
[2026-03-09 08:29:42] SSE: No user ID found in token
[2026-03-09 08:29:45] SSE: New connection attempt
[2026-03-09 08:29:45] SSE: User authenticated: unknown
[2026-03-09 08:29:46] SSE: No user ID found in token
[2026-03-09 08:29:49] SSE: New connection attempt
[2026-03-09 08:29:49] SSE: User authenticated: unknown
[2026-03-09 08:29:49] SSE: No user ID found in token
[2026-03-09 08:29:52] SSE: New connection attempt
[2026-03-09 08:29:52] SSE: User authenticated: unknown
[2026-03-09 08:29:52] SSE: No user ID found in token
[2026-03-09 08:29:55] SSE: New connection attempt
[2026-03-09 08:29:55] SSE: User authenticated: unknown
[2026-03-09 08:29:55] SSE: No user ID found in token
[2026-03-09 08:29:58] SSE: New connection attempt
[2026-03-09 08:29:58] SSE: User authenticated: unknown
[2026-03-09 08:29:58] SSE: No user ID found in token
[2026-03-09 08:30:01] SSE: New connection attempt
[2026-03-09 08:30:01] SSE: User authenticated: unknown
[2026-03-09 08:30:01] SSE: No user ID found in token
[2026-03-09 08:30:04] SSE: New connection attempt
[2026-03-09 08:30:04] SSE: User authenticated: unknown
[2026-03-09 08:30:04] SSE: No user ID found in token
[2026-03-09 08:30:07] SSE: New connection attempt
[2026-03-09 08:30:07] SSE: User authenticated: unknown
[2026-03-09 08:30:07] SSE: No user ID found in token
[2026-03-09 08:30:10] SSE: New connection attempt
[2026-03-09 08:30:10] SSE: User authenticated: unknown
[2026-03-09 08:30:10] SSE: No user ID found in token
[2026-03-09 08:30:13] SSE: New connection attempt
[2026-03-09 08:30:13] SSE: User authenticated: unknown
[2026-03-09 08:30:13] SSE: No user ID found in token
[2026-03-09 08:30:16] SSE: New connection attempt
[2026-03-09 08:30:16] SSE: User authenticated: unknown
[2026-03-09 08:30:16] SSE: No user ID found in token
[2026-03-09 08:30:19] SSE: New connection attempt
[2026-03-09 08:30:19] SSE: User authenticated: unknown
[2026-03-09 08:30:19] SSE: No user ID found in token
[2026-03-09 08:30:22] SSE: New connection attempt
[2026-03-09 08:30:22] SSE: User authenticated: unknown
[2026-03-09 08:30:22] SSE: No user ID found in token
[2026-03-09 08:30:25] SSE: New connection attempt
[2026-03-09 08:30:25] SSE: User authenticated: unknown
[2026-03-09 08:30:25] SSE: No user ID found in token
[2026-03-09 08:30:28] SSE: New connection attempt
[2026-03-09 08:30:28] SSE: User authenticated: unknown
[2026-03-09 08:30:28] SSE: No user ID found in token
[2026-03-09 08:30:28] SSE: New connection attempt
[2026-03-09 08:30:28] SSE: User authenticated: unknown
[2026-03-09 08:30:28] SSE: No user ID found in token
[2026-03-09 08:30:31] SSE: New connection attempt
[2026-03-09 08:30:31] SSE: User authenticated: unknown
[2026-03-09 08:30:31] SSE: No user ID found in token
[2026-03-09 08:30:34] SSE: New connection attempt
[2026-03-09 08:30:34] SSE: User authenticated: unknown
[2026-03-09 08:30:34] SSE: No user ID found in token
[2026-03-09 08:30:37] SSE: New connection attempt
[2026-03-09 08:30:37] SSE: User authenticated: unknown
[2026-03-09 08:30:37] SSE: No user ID found in token
[2026-03-09 08:30:40] SSE: New connection attempt
[2026-03-09 08:30:40] SSE: User authenticated: unknown
[2026-03-09 08:30:40] SSE: No user ID found in token
[2026-03-09 08:30:43] SSE: New connection attempt
[2026-03-09 08:30:43] SSE: User authenticated: unknown
[2026-03-09 08:30:43] SSE: No user ID found in token
[2026-03-09 08:30:44] SSE: New connection attempt
[2026-03-09 08:30:44] SSE: User authenticated: unknown
[2026-03-09 08:30:44] SSE: No user ID found in token
[2026-03-09 08:30:45] SSE: New connection attempt
[2026-03-09 08:30:45] SSE: User authenticated: unknown
[2026-03-09 08:30:45] SSE: No user ID found in token
[2026-03-09 08:30:48] SSE: New connection attempt
[2026-03-09 08:30:48] SSE: User authenticated: unknown
[2026-03-09 08:30:48] SSE: No user ID found in token
[2026-03-09 08:30:51] SSE: New connection attempt
[2026-03-09 08:30:51] SSE: User authenticated: unknown
[2026-03-09 08:30:51] SSE: No user ID found in token
[2026-03-09 08:30:54] SSE: New connection attempt
[2026-03-09 08:30:54] SSE: User authenticated: unknown
[2026-03-09 08:30:54] SSE: No user ID found in token
[2026-03-09 08:30:57] SSE: New connection attempt
[2026-03-09 08:30:57] SSE: User authenticated: unknown
[2026-03-09 08:30:57] SSE: No user ID found in token
[2026-03-09 08:31:00] SSE: New connection attempt
[2026-03-09 08:31:00] SSE: User authenticated: unknown
[2026-03-09 08:31:00] SSE: No user ID found in token
[2026-03-09 08:31:03] SSE: New connection attempt
[2026-03-09 08:31:03] SSE: User authenticated: unknown
[2026-03-09 08:31:03] SSE: No user ID found in token
[2026-03-09 08:31:06] SSE: New connection attempt
[2026-03-09 08:31:06] SSE: User authenticated: unknown
[2026-03-09 08:31:06] SSE: No user ID found in token
[2026-03-09 08:31:09] SSE: New connection attempt
[2026-03-09 08:31:09] SSE: User authenticated: unknown
[2026-03-09 08:31:09] SSE: No user ID found in token
[2026-03-09 08:31:12] SSE: New connection attempt
[2026-03-09 08:31:12] SSE: User authenticated: unknown
[2026-03-09 08:31:12] SSE: No user ID found in token
[2026-03-09 08:31:15] SSE: New connection attempt
[2026-03-09 08:31:15] SSE: User authenticated: unknown
[2026-03-09 08:31:15] SSE: No user ID found in token
[2026-03-09 08:31:18] SSE: New connection attempt
[2026-03-09 08:31:18] SSE: User authenticated: unknown
[2026-03-09 08:31:18] SSE: No user ID found in token
[2026-03-09 08:31:21] SSE: New connection attempt
[2026-03-09 08:31:21] SSE: User authenticated: unknown
[2026-03-09 08:31:21] SSE: No user ID found in token
[2026-03-09 08:31:24] SSE: New connection attempt
[2026-03-09 08:31:24] SSE: User authenticated: unknown
[2026-03-09 08:31:24] SSE: No user ID found in token
[2026-03-09 08:31:27] SSE: New connection attempt
[2026-03-09 08:31:27] SSE: User authenticated - Full payload: {"userId":"89d995a0-6341-675f-adb9-150870086d45","role":"CLIENT","email":"sinalhuon2@gmail.com","exp":1773131266}
[2026-03-09 08:31:27] SSE: userId field: 89d995a0-6341-675f-adb9-150870086d45
[2026-03-09 08:31:27] SSE: id field: NOT_FOUND
[2026-03-09 08:31:27] SSE: Starting status monitoring for user 89d995a0-6341-675f-adb9-150870086d45
[2026-03-09 08:31:27] SSE: Initial status for user 89d995a0-6341-675f-adb9-150870086d45: SUSPENDED
[2026-03-09 08:31:27] SSE: Iteration 1 for user 89d995a0-6341-675f-adb9-150870086d45 - Current status: SUSPENDED, Last status: SUSPENDED
[2026-03-09 08:31:37] SSE: Iteration 6 for user 89d995a0-6341-675f-adb9-150870086d45 - Current status: SUSPENDED, Last status: SUSPENDED
[2026-03-09 08:31:47] SSE: Iteration 11 for user 89d995a0-6341-675f-adb9-150870086d45 - Current status: SUSPENDED, Last status: SUSPENDED
[2026-03-09 08:31:57] SSE: Iteration 16 for user 89d995a0-6341-675f-adb9-150870086d45 - Current status: SUSPENDED, Last status: SUSPENDED
[2026-03-09 08:33:42] SSE: New connection attempt
[2026-03-09 08:33:42] SSE: User authenticated - Full payload: {"userId":"89d995a0-6341-675f-adb9-150870086d45","role":"CLIENT","email":"sinalhuon2@gmail.com","exp":1773131266}
[2026-03-09 08:33:42] SSE: userId field: 89d995a0-6341-675f-adb9-150870086d45
[2026-03-09 08:33:42] SSE: id field: NOT_FOUND
[2026-03-09 08:33:42] SSE: Starting status monitoring for user 89d995a0-6341-675f-adb9-150870086d45
[2026-03-09 08:33:42] SSE: Initial status for user 89d995a0-6341-675f-adb9-150870086d45: SUSPENDED
[2026-03-09 08:33:42] SSE: Iteration 1 for user 89d995a0-6341-675f-adb9-150870086d45 - Current status: SUSPENDED, Last status: SUSPENDED
[2026-03-09 08:33:52] SSE: Iteration 6 for user 89d995a0-6341-675f-adb9-150870086d45 - Current status: SUSPENDED, Last status: SUSPENDED
[2026-03-09 08:34:02] SSE: Iteration 11 for user 89d995a0-6341-675f-adb9-150870086d45 - Current status: SUSPENDED, Last status: SUSPENDED
[2026-03-09 08:34:12] SSE: Iteration 16 for user 89d995a0-6341-675f-adb9-150870086d45 - Current status: SUSPENDED, Last status: SUSPENDED
[2026-03-09 08:34:22] SSE: Iteration 21 for user 89d995a0-6341-675f-adb9-150870086d45 - Current status: SUSPENDED, Last status: SUSPENDED
[2026-03-09 08:34:32] SSE: Iteration 26 for user 89d995a0-6341-675f-adb9-150870086d45 - Current status: SUSPENDED, Last status: SUSPENDED
[2026-03-09 08:34:42] SSE: Iteration 31 for user 89d995a0-6341-675f-adb9-150870086d45 - Current status: SUSPENDED, Last status: SUSPENDED
[2026-03-09 08:34:52] SSE: Iteration 36 for user 89d995a0-6341-675f-adb9-150870086d45 - Current status: SUSPENDED, Last status: SUSPENDED
[2026-03-09 08:35:02] SSE: Iteration 41 for user 89d995a0-6341-675f-adb9-150870086d45 - Current status: SUSPENDED, Last status: SUSPENDED
[2026-03-09 08:35:12] SSE: Iteration 46 for user 89d995a0-6341-675f-adb9-150870086d45 - Current status: SUSPENDED, Last status: SUSPENDED
[2026-03-09 08:35:22] SSE: Iteration 51 for user 89d995a0-6341-675f-adb9-150870086d45 - Current status: SUSPENDED, Last status: SUSPENDED
[2026-03-09 08:35:32] SSE: Iteration 56 for user 89d995a0-6341-675f-adb9-150870086d45 - Current status: SUSPENDED, Last status: SUSPENDED
[2026-03-09 08:35:42] SSE: Iteration 61 for user 89d995a0-6341-675f-adb9-150870086d45 - Current status: SUSPENDED, Last status: SUSPENDED
[2026-03-09 08:35:52] SSE: Iteration 66 for user 89d995a0-6341-675f-adb9-150870086d45 - Current status: SUSPENDED, Last status: SUSPENDED
[2026-03-09 08:36:02] SSE: Iteration 71 for user 89d995a0-6341-675f-adb9-150870086d45 - Current status: SUSPENDED, Last status: SUSPENDED
[2026-03-09 08:36:12] SSE: Iteration 76 for user 89d995a0-6341-675f-adb9-150870086d45 - Current status: SUSPENDED, Last status: SUSPENDED
[2026-03-09 08:36:22] SSE: Iteration 81 for user 89d995a0-6341-675f-adb9-150870086d45 - Current status: SUSPENDED, Last status: SUSPENDED
[2026-03-09 08:36:32] SSE: Iteration 86 for user 89d995a0-6341-675f-adb9-150870086d45 - Current status: SUSPENDED, Last status: SUSPENDED
[2026-03-09 08:36:42] SSE: Iteration 91 for user 89d995a0-6341-675f-adb9-150870086d45 - Current status: SUSPENDED, Last status: SUSPENDED
[2026-03-09 08:36:52] SSE: Iteration 96 for user 89d995a0-6341-675f-adb9-150870086d45 - Current status: SUSPENDED, Last status: SUSPENDED
[2026-03-09 08:37:02] SSE: Iteration 101 for user 89d995a0-6341-675f-adb9-150870086d45 - Current status: SUSPENDED, Last status: SUSPENDED
[2026-03-09 08:37:12] SSE: Iteration 106 for user 89d995a0-6341-675f-adb9-150870086d45 - Current status: SUSPENDED, Last status: SUSPENDED
[2026-03-09 08:37:22] SSE: Iteration 111 for user 89d995a0-6341-675f-adb9-150870086d45 - Current status: SUSPENDED, Last status: SUSPENDED
[2026-03-09 08:37:32] SSE: Iteration 116 for user 89d995a0-6341-675f-adb9-150870086d45 - Current status: SUSPENDED, Last status: SUSPENDED
[2026-03-09 08:37:42] SSE: Iteration 121 for user 89d995a0-6341-675f-adb9-150870086d45 - Current status: SUSPENDED, Last status: SUSPENDED
[2026-03-09 08:37:52] SSE: Iteration 126 for user 89d995a0-6341-675f-adb9-150870086d45 - Current status: SUSPENDED, Last status: SUSPENDED
[2026-03-09 08:38:02] SSE: Iteration 131 for user 89d995a0-6341-675f-adb9-150870086d45 - Current status: SUSPENDED, Last status: SUSPENDED
[2026-03-09 08:38:12] SSE: Iteration 136 for user 89d995a0-6341-675f-adb9-150870086d45 - Current status: SUSPENDED, Last status: SUSPENDED
[2026-03-09 08:38:22] SSE: Iteration 141 for user 89d995a0-6341-675f-adb9-150870086d45 - Current status: SUSPENDED, Last status: SUSPENDED
[2026-03-09 08:38:32] SSE: Iteration 146 for user 89d995a0-6341-675f-adb9-150870086d45 - Current status: SUSPENDED, Last status: SUSPENDED
[2026-03-09 08:39:30] SSE: New connection attempt
[2026-03-09 08:39:30] SSE: User authenticated - Full payload: {"userId":"89d995a0-6341-675f-adb9-150870086d45","role":"CLIENT","email":"sinalhuon2@gmail.com","exp":1773131970}
[2026-03-09 08:39:30] SSE: userId field: 89d995a0-6341-675f-adb9-150870086d45
[2026-03-09 08:39:30] SSE: id field: NOT_FOUND
[2026-03-09 08:39:30] SSE: Starting status monitoring for user 89d995a0-6341-675f-adb9-150870086d45
[2026-03-09 08:39:30] SSE: Initial status for user 89d995a0-6341-675f-adb9-150870086d45: ACTIVE
[2026-03-09 08:39:30] SSE: Iteration 1 for user 89d995a0-6341-675f-adb9-150870086d45 - Current status: ACTIVE, Last status: ACTIVE
[2026-03-09 08:39:40] SSE: Iteration 6 for user 89d995a0-6341-675f-adb9-150870086d45 - Current status: ACTIVE, Last status: ACTIVE
[2026-03-09 08:39:50] SSE: Iteration 11 for user 89d995a0-6341-675f-adb9-150870086d45 - Current status: ACTIVE, Last status: ACTIVE
[2026-03-09 08:40:07] SSE: New connection attempt
[2026-03-09 08:40:07] SSE: User authenticated - Full payload: {"userId":"89d995a0-6341-675f-adb9-150870086d45","role":"CLIENT","email":"sinalhuon2@gmail.com","exp":1773131970}
[2026-03-09 08:40:07] SSE: userId field: 89d995a0-6341-675f-adb9-150870086d45
[2026-03-09 08:40:07] SSE: id field: NOT_FOUND
[2026-03-09 08:40:07] SSE: Starting status monitoring for user 89d995a0-6341-675f-adb9-150870086d45
[2026-03-09 08:40:07] SSE: Initial status for user 89d995a0-6341-675f-adb9-150870086d45: ACTIVE
[2026-03-09 08:40:07] SSE: Iteration 1 for user 89d995a0-6341-675f-adb9-150870086d45 - Current status: ACTIVE, Last status: ACTIVE
[2026-03-09 08:40:17] SSE: Iteration 6 for user 89d995a0-6341-675f-adb9-150870086d45 - Current status: ACTIVE, Last status: ACTIVE
[2026-03-09 08:40:32] SSE: New connection attempt
[2026-03-09 08:40:32] SSE: User authenticated - Full payload: {"userId":"89d995a0-6341-675f-adb9-150870086d45","role":"CLIENT","email":"sinalhuon2@gmail.com","exp":1773131970}
[2026-03-09 08:40:32] SSE: userId field: 89d995a0-6341-675f-adb9-150870086d45
[2026-03-09 08:40:32] SSE: id field: NOT_FOUND
[2026-03-09 08:40:32] SSE: Starting status monitoring for user 89d995a0-6341-675f-adb9-150870086d45
[2026-03-09 08:40:32] SSE: Initial status for user 89d995a0-6341-675f-adb9-150870086d45: ACTIVE
[2026-03-09 08:40:32] SSE: Iteration 1 for user 89d995a0-6341-675f-adb9-150870086d45 - Current status: ACTIVE, Last status: ACTIVE
[2026-03-09 08:40:42] SSE: Iteration 6 for user 89d995a0-6341-675f-adb9-150870086d45 - Current status: ACTIVE, Last status: ACTIVE
[2026-03-09 08:40:49] SSE: New connection attempt
[2026-03-09 08:40:49] SSE: User authenticated - Full payload: {"userId":"89d995a0-6341-675f-adb9-150870086d45","role":"CLIENT","email":"sinalhuon2@gmail.com","exp":1773131970}
[2026-03-09 08:40:49] SSE: userId field: 89d995a0-6341-675f-adb9-150870086d45
[2026-03-09 08:40:49] SSE: id field: NOT_FOUND
[2026-03-09 08:40:49] SSE: Starting status monitoring for user 89d995a0-6341-675f-adb9-150870086d45
[2026-03-09 08:40:49] SSE: Initial status for user 89d995a0-6341-675f-adb9-150870086d45: ACTIVE
[2026-03-09 08:40:49] SSE: Iteration 1 for user 89d995a0-6341-675f-adb9-150870086d45 - Current status: ACTIVE, Last status: ACTIVE
[2026-03-09 08:40:58] SSE: New connection attempt
[2026-03-09 08:40:58] SSE: User authenticated - Full payload: {"userId":"89d995a0-6341-675f-adb9-150870086d45","role":"CLIENT","email":"sinalhuon2@gmail.com","exp":1773131970}
[2026-03-09 08:40:58] SSE: userId field: 89d995a0-6341-675f-adb9-150870086d45
[2026-03-09 08:40:58] SSE: id field: NOT_FOUND
[2026-03-09 08:40:58] SSE: Starting status monitoring for user 89d995a0-6341-675f-adb9-150870086d45
[2026-03-09 08:40:58] SSE: Initial status for user 89d995a0-6341-675f-adb9-150870086d45: ACTIVE
[2026-03-09 08:40:58] SSE: Iteration 1 for user 89d995a0-6341-675f-adb9-150870086d45 - Current status: ACTIVE, Last status: ACTIVE
[2026-03-09 08:41:08] SSE: Iteration 6 for user 89d995a0-6341-675f-adb9-150870086d45 - Current status: ACTIVE, Last status: ACTIVE
[2026-03-09 08:41:49] SSE: New connection attempt
[2026-03-09 08:41:49] SSE: User authenticated - Full payload: {"userId":"89d995a0-6341-675f-adb9-150870086d45","role":"CLIENT","email":"sinalhuon2@gmail.com","exp":1773131970}
[2026-03-09 08:41:49] SSE: userId field: 89d995a0-6341-675f-adb9-150870086d45
[2026-03-09 08:41:49] SSE: id field: NOT_FOUND
[2026-03-09 08:41:49] SSE: Starting status monitoring for user 89d995a0-6341-675f-adb9-150870086d45
[2026-03-09 08:41:49] SSE: Initial status for user 89d995a0-6341-675f-adb9-150870086d45: ACTIVE
[2026-03-09 08:41:49] SSE: Iteration 1 for user 89d995a0-6341-675f-adb9-150870086d45 - Current status: ACTIVE, Last status: ACTIVE
[2026-03-09 08:41:59] SSE: Iteration 6 for user 89d995a0-6341-675f-adb9-150870086d45 - Current status: ACTIVE, Last status: ACTIVE
[2026-03-09 08:42:09] SSE: Iteration 11 for user 89d995a0-6341-675f-adb9-150870086d45 - Current status: ACTIVE, Last status: ACTIVE
[2026-03-09 08:42:19] SSE: Iteration 16 for user 89d995a0-6341-675f-adb9-150870086d45 - Current status: ACTIVE, Last status: ACTIVE
[2026-03-09 08:42:29] SSE: Iteration 21 for user 89d995a0-6341-675f-adb9-150870086d45 - Current status: ACTIVE, Last status: ACTIVE
[2026-03-09 08:42:39] SSE: Iteration 26 for user 89d995a0-6341-675f-adb9-150870086d45 - Current status: ACTIVE, Last status: ACTIVE
[2026-03-09 08:42:49] SSE: Iteration 31 for user 89d995a0-6341-675f-adb9-150870086d45 - Current status: ACTIVE, Last status: ACTIVE
[2026-03-09 08:42:59] SSE: Iteration 36 for user 89d995a0-6341-675f-adb9-150870086d45 - Current status: ACTIVE, Last status: ACTIVE
[2026-03-09 08:43:09] SSE: Iteration 41 for user 89d995a0-6341-675f-adb9-150870086d45 - Current status: ACTIVE, Last status: ACTIVE
[2026-03-09 08:43:19] SSE: Iteration 46 for user 89d995a0-6341-675f-adb9-150870086d45 - Current status: ACTIVE, Last status: ACTIVE
[2026-03-09 08:43:29] SSE: Iteration 51 for user 89d995a0-6341-675f-adb9-150870086d45 - Current status: ACTIVE, Last status: ACTIVE
[2026-03-09 08:43:39] SSE: Iteration 56 for user 89d995a0-6341-675f-adb9-150870086d45 - Current status: ACTIVE, Last status: ACTIVE
[2026-03-09 08:43:49] SSE: Iteration 61 for user 89d995a0-6341-675f-adb9-150870086d45 - Current status: ACTIVE, Last status: ACTIVE
[2026-03-09 08:43:59] SSE: Iteration 66 for user 89d995a0-6341-675f-adb9-150870086d45 - Current status: ACTIVE, Last status: ACTIVE
[2026-03-09 08:44:09] SSE: Iteration 71 for user 89d995a0-6341-675f-adb9-150870086d45 - Current status: ACTIVE, Last status: ACTIVE
[2026-03-09 08:44:19] SSE: Iteration 76 for user 89d995a0-6341-675f-adb9-150870086d45 - Current status: ACTIVE, Last status: ACTIVE
[2026-03-09 08:44:29] SSE: Iteration 81 for user 89d995a0-6341-675f-adb9-150870086d45 - Current status: ACTIVE, Last status: ACTIVE
[2026-03-09 08:44:39] SSE: Iteration 86 for user 89d995a0-6341-675f-adb9-150870086d45 - Current status: ACTIVE, Last status: ACTIVE
[2026-03-09 08:44:49] SSE: Iteration 91 for user 89d995a0-6341-675f-adb9-150870086d45 - Current status: ACTIVE, Last status: ACTIVE
[2026-03-09 08:44:59] SSE: Iteration 96 for user 89d995a0-6341-675f-adb9-150870086d45 - Current status: ACTIVE, Last status: ACTIVE
[2026-03-09 08:45:10] SSE: Iteration 101 for user 89d995a0-6341-675f-adb9-150870086d45 - Current status: ACTIVE, Last status: ACTIVE
[2026-03-09 08:45:20] SSE: Iteration 106 for user 89d995a0-6341-675f-adb9-150870086d45 - Current status: ACTIVE, Last status: ACTIVE
[2026-03-09 08:45:30] SSE: Iteration 111 for user 89d995a0-6341-675f-adb9-150870086d45 - Current status: ACTIVE, Last status: ACTIVE
[2026-03-09 08:45:40] SSE: Iteration 116 for user 89d995a0-6341-675f-adb9-150870086d45 - Current status: ACTIVE, Last status: ACTIVE
[2026-03-09 08:47:26] SSE: New connection attempt
[2026-03-09 08:47:26] SSE: User authenticated - Full payload: {"userId":"89d995a0-6341-675f-adb9-150870086d45","role":"CLIENT","email":"sinalhuon2@gmail.com","exp":1773131970}
[2026-03-09 08:47:26] SSE: userId field: 89d995a0-6341-675f-adb9-150870086d45
[2026-03-09 08:47:26] SSE: id field: NOT_FOUND
[2026-03-09 08:47:26] SSE: Starting status monitoring for user 89d995a0-6341-675f-adb9-150870086d45
[2026-03-09 08:47:26] SSE: Initial status for user 89d995a0-6341-675f-adb9-150870086d45: ACTIVE
[2026-03-09 08:47:26] SSE: Iteration 1 for user 89d995a0-6341-675f-adb9-150870086d45 - Current status: ACTIVE, Last status: ACTIVE
[2026-03-09 08:47:36] SSE: Iteration 6 for user 89d995a0-6341-675f-adb9-150870086d45 - Current status: ACTIVE, Last status: ACTIVE
[2026-03-09 08:47:46] SSE: Iteration 11 for user 89d995a0-6341-675f-adb9-150870086d45 - Current status: ACTIVE, Last status: ACTIVE
[2026-03-09 08:47:56] SSE: Iteration 16 for user 89d995a0-6341-675f-adb9-150870086d45 - Current status: ACTIVE, Last status: ACTIVE
[2026-03-09 08:48:06] SSE: Iteration 21 for user 89d995a0-6341-675f-adb9-150870086d45 - Current status: ACTIVE, Last status: ACTIVE
[2026-03-09 08:48:16] SSE: Iteration 26 for user 89d995a0-6341-675f-adb9-150870086d45 - Current status: ACTIVE, Last status: ACTIVE
[2026-03-09 08:48:26] SSE: Iteration 31 for user 89d995a0-6341-675f-adb9-150870086d45 - Current status: ACTIVE, Last status: ACTIVE
[2026-03-09 08:48:36] SSE: Iteration 36 for user 89d995a0-6341-675f-adb9-150870086d45 - Current status: ACTIVE, Last status: ACTIVE
[2026-03-09 08:48:46] SSE: Iteration 41 for user 89d995a0-6341-675f-adb9-150870086d45 - Current status: ACTIVE, Last status: ACTIVE
[2026-03-09 08:48:56] SSE: Iteration 46 for user 89d995a0-6341-675f-adb9-150870086d45 - Current status: ACTIVE, Last status: ACTIVE
[2026-03-09 08:49:06] SSE: Iteration 51 for user 89d995a0-6341-675f-adb9-150870086d45 - Current status: ACTIVE, Last status: ACTIVE
[2026-03-09 08:49:16] SSE: Iteration 56 for user 89d995a0-6341-675f-adb9-150870086d45 - Current status: ACTIVE, Last status: ACTIVE
[2026-03-09 08:49:26] SSE: Iteration 61 for user 89d995a0-6341-675f-adb9-150870086d45 - Current status: ACTIVE, Last status: ACTIVE
[2026-03-09 08:49:37] SSE: Iteration 66 for user 89d995a0-6341-675f-adb9-150870086d45 - Current status: ACTIVE, Last status: ACTIVE
[2026-03-09 08:49:47] SSE: Iteration 71 for user 89d995a0-6341-675f-adb9-150870086d45 - Current status: ACTIVE, Last status: ACTIVE
[2026-03-09 08:49:57] SSE: Iteration 76 for user 89d995a0-6341-675f-adb9-150870086d45 - Current status: ACTIVE, Last status: ACTIVE
[2026-03-09 08:50:07] SSE: Iteration 81 for user 89d995a0-6341-675f-adb9-150870086d45 - Current status: ACTIVE, Last status: ACTIVE
[2026-03-09 08:50:17] SSE: Iteration 86 for user 89d995a0-6341-675f-adb9-150870086d45 - Current status: ACTIVE, Last status: ACTIVE
[2026-03-09 08:50:27] SSE: Iteration 91 for user 89d995a0-6341-675f-adb9-150870086d45 - Current status: ACTIVE, Last status: ACTIVE
[2026-03-09 08:50:37] SSE: Iteration 96 for user 89d995a0-6341-675f-adb9-150870086d45 - Current status: ACTIVE, Last status: ACTIVE
[2026-03-09 08:50:47] SSE: Iteration 101 for user 89d995a0-6341-675f-adb9-150870086d45 - Current status: ACTIVE, Last status: ACTIVE
[2026-03-09 08:50:57] SSE: Iteration 106 for user 89d995a0-6341-675f-adb9-150870086d45 - Current status: ACTIVE, Last status: ACTIVE
[2026-03-09 08:51:07] SSE: Iteration 111 for user 89d995a0-6341-675f-adb9-150870086d45 - Current status: ACTIVE, Last status: ACTIVE
[2026-03-09 08:51:17] SSE: Iteration 116 for user 89d995a0-6341-675f-adb9-150870086d45 - Current status: ACTIVE, Last status: ACTIVE
[2026-03-09 08:51:27] SSE: Iteration 121 for user 89d995a0-6341-675f-adb9-150870086d45 - Current status: ACTIVE, Last status: ACTIVE
[2026-03-09 08:51:37] SSE: Iteration 126 for user 89d995a0-6341-675f-adb9-150870086d45 - Current status: ACTIVE, Last status: ACTIVE
[2026-03-09 08:51:47] SSE: Iteration 131 for user 89d995a0-6341-675f-adb9-150870086d45 - Current status: ACTIVE, Last status: ACTIVE
[2026-03-09 08:51:57] SSE: Iteration 136 for user 89d995a0-6341-675f-adb9-150870086d45 - Current status: ACTIVE, Last status: ACTIVE
[2026-03-09 08:52:07] SSE: Iteration 141 for user 89d995a0-6341-675f-adb9-150870086d45 - Current status: ACTIVE, Last status: ACTIVE
[2026-03-09 08:52:17] SSE: Iteration 146 for user 89d995a0-6341-675f-adb9-150870086d45 - Current status: ACTIVE, Last status: ACTIVE
[2026-03-09 08:52:26] SSE: New connection attempt
[2026-03-09 08:52:26] SSE: User authenticated - Full payload: {"userId":"89d995a0-6341-675f-adb9-150870086d45","role":"CLIENT","email":"sinalhuon2@gmail.com","exp":1773131970}
[2026-03-09 08:52:26] SSE: userId field: 89d995a0-6341-675f-adb9-150870086d45
[2026-03-09 08:52:26] SSE: id field: NOT_FOUND
[2026-03-09 08:52:26] SSE: Starting status monitoring for user 89d995a0-6341-675f-adb9-150870086d45
[2026-03-09 08:52:26] SSE: Initial status for user 89d995a0-6341-675f-adb9-150870086d45: ACTIVE
[2026-03-09 08:52:26] SSE: Iteration 1 for user 89d995a0-6341-675f-adb9-150870086d45 - Current status: ACTIVE, Last status: ACTIVE
[2026-03-09 08:52:36] SSE: Iteration 6 for user 89d995a0-6341-675f-adb9-150870086d45 - Current status: ACTIVE, Last status: ACTIVE
[2026-03-09 08:52:46] SSE: Iteration 11 for user 89d995a0-6341-675f-adb9-150870086d45 - Current status: ACTIVE, Last status: ACTIVE
[2026-03-09 08:52:56] SSE: Iteration 16 for user 89d995a0-6341-675f-adb9-150870086d45 - Current status: ACTIVE, Last status: ACTIVE
[2026-03-09 08:53:06] SSE: Iteration 21 for user 89d995a0-6341-675f-adb9-150870086d45 - Current status: ACTIVE, Last status: ACTIVE
[2026-03-09 08:53:16] SSE: Iteration 26 for user 89d995a0-6341-675f-adb9-150870086d45 - Current status: ACTIVE, Last status: ACTIVE
[2026-03-09 08:53:26] SSE: Iteration 31 for user 89d995a0-6341-675f-adb9-150870086d45 - Current status: ACTIVE, Last status: ACTIVE
[2026-03-09 08:53:36] SSE: Iteration 36 for user 89d995a0-6341-675f-adb9-150870086d45 - Current status: ACTIVE, Last status: ACTIVE
[2026-03-09 08:53:46] SSE: Iteration 41 for user 89d995a0-6341-675f-adb9-150870086d45 - Current status: ACTIVE, Last status: ACTIVE
[2026-03-09 08:53:56] SSE: Iteration 46 for user 89d995a0-6341-675f-adb9-150870086d45 - Current status: ACTIVE, Last status: ACTIVE
[2026-03-09 08:54:06] SSE: Iteration 51 for user 89d995a0-6341-675f-adb9-150870086d45 - Current status: ACTIVE, Last status: ACTIVE
[2026-03-09 08:54:17] SSE: Iteration 56 for user 89d995a0-6341-675f-adb9-150870086d45 - Current status: ACTIVE, Last status: ACTIVE
[2026-03-09 08:54:27] SSE: Iteration 61 for user 89d995a0-6341-675f-adb9-150870086d45 - Current status: ACTIVE, Last status: ACTIVE
[2026-03-09 08:54:37] SSE: Iteration 66 for user 89d995a0-6341-675f-adb9-150870086d45 - Current status: ACTIVE, Last status: ACTIVE
[2026-03-09 08:54:47] SSE: Iteration 71 for user 89d995a0-6341-675f-adb9-150870086d45 - Current status: ACTIVE, Last status: ACTIVE
[2026-03-09 08:54:57] SSE: Iteration 76 for user 89d995a0-6341-675f-adb9-150870086d45 - Current status: ACTIVE, Last status: ACTIVE
[2026-03-09 08:55:07] SSE: Iteration 81 for user 89d995a0-6341-675f-adb9-150870086d45 - Current status: ACTIVE, Last status: ACTIVE
[2026-03-09 08:55:17] SSE: Iteration 86 for user 89d995a0-6341-675f-adb9-150870086d45 - Current status: ACTIVE, Last status: ACTIVE
[2026-03-09 08:55:27] SSE: Iteration 91 for user 89d995a0-6341-675f-adb9-150870086d45 - Current status: ACTIVE, Last status: ACTIVE
[2026-03-09 08:55:37] SSE: Iteration 96 for user 89d995a0-6341-675f-adb9-150870086d45 - Current status: ACTIVE, Last status: ACTIVE
[2026-03-09 08:55:47] SSE: Iteration 101 for user 89d995a0-6341-675f-adb9-150870086d45 - Current status: ACTIVE, Last status: ACTIVE
[2026-03-09 08:55:57] SSE: Iteration 106 for user 89d995a0-6341-675f-adb9-150870086d45 - Current status: ACTIVE, Last status: ACTIVE
[2026-03-09 08:56:07] SSE: Iteration 111 for user 89d995a0-6341-675f-adb9-150870086d45 - Current status: ACTIVE, Last status: ACTIVE
[2026-03-09 08:56:17] SSE: Iteration 116 for user 89d995a0-6341-675f-adb9-150870086d45 - Current status: ACTIVE, Last status: ACTIVE
[2026-03-09 08:56:27] SSE: Iteration 121 for user 89d995a0-6341-675f-adb9-150870086d45 - Current status: ACTIVE, Last status: ACTIVE
[2026-03-09 08:56:37] SSE: Iteration 126 for user 89d995a0-6341-675f-adb9-150870086d45 - Current status: ACTIVE, Last status: ACTIVE
[2026-03-09 08:56:47] SSE: Iteration 131 for user 89d995a0-6341-675f-adb9-150870086d45 - Current status: ACTIVE, Last status: ACTIVE
[2026-03-09 08:56:57] SSE: Iteration 136 for user 89d995a0-6341-675f-adb9-150870086d45 - Current status: ACTIVE, Last status: ACTIVE
[2026-03-09 08:57:07] SSE: Iteration 141 for user 89d995a0-6341-675f-adb9-150870086d45 - Current status: ACTIVE, Last status: ACTIVE
[2026-03-09 08:57:17] SSE: Iteration 146 for user 89d995a0-6341-675f-adb9-150870086d45 - Current status: ACTIVE, Last status: ACTIVE
[2026-03-09 08:57:29] SSE: New connection attempt
[2026-03-09 08:57:29] SSE: User authenticated - Full payload: {"userId":"89d995a0-6341-675f-adb9-150870086d45","role":"CLIENT","email":"sinalhuon2@gmail.com","exp":1773131970}
[2026-03-09 08:57:29] SSE: userId field: 89d995a0-6341-675f-adb9-150870086d45
[2026-03-09 08:57:29] SSE: id field: NOT_FOUND
[2026-03-09 08:57:29] SSE: Starting status monitoring for user 89d995a0-6341-675f-adb9-150870086d45
[2026-03-09 08:57:29] SSE: Initial status for user 89d995a0-6341-675f-adb9-150870086d45: ACTIVE
[2026-03-09 08:57:29] SSE: Iteration 1 for user 89d995a0-6341-675f-adb9-150870086d45 - Current status: ACTIVE, Last status: ACTIVE
[2026-03-09 08:57:39] SSE: Iteration 6 for user 89d995a0-6341-675f-adb9-150870086d45 - Current status: ACTIVE, Last status: ACTIVE
[2026-03-09 08:57:49] SSE: Iteration 11 for user 89d995a0-6341-675f-adb9-150870086d45 - Current status: ACTIVE, Last status: ACTIVE
[2026-03-09 08:57:59] SSE: Iteration 16 for user 89d995a0-6341-675f-adb9-150870086d45 - Current status: ACTIVE, Last status: ACTIVE
[2026-03-09 08:58:09] SSE: Iteration 21 for user 89d995a0-6341-675f-adb9-150870086d45 - Current status: ACTIVE, Last status: ACTIVE
[2026-03-09 08:58:19] SSE: Iteration 26 for user 89d995a0-6341-675f-adb9-150870086d45 - Current status: ACTIVE, Last status: ACTIVE
[2026-03-09 08:58:29] SSE: Iteration 31 for user 89d995a0-6341-675f-adb9-150870086d45 - Current status: ACTIVE, Last status: ACTIVE
[2026-03-09 08:58:39] SSE: Iteration 36 for user 89d995a0-6341-675f-adb9-150870086d45 - Current status: ACTIVE, Last status: ACTIVE
[2026-03-09 08:58:49] SSE: Iteration 41 for user 89d995a0-6341-675f-adb9-150870086d45 - Current status: ACTIVE, Last status: ACTIVE
[2026-03-09 08:59:00] SSE: Iteration 46 for user 89d995a0-6341-675f-adb9-150870086d45 - Current status: ACTIVE, Last status: ACTIVE
[2026-03-09 08:59:10] SSE: Iteration 51 for user 89d995a0-6341-675f-adb9-150870086d45 - Current status: ACTIVE, Last status: ACTIVE
[2026-03-09 08:59:20] SSE: Iteration 56 for user 89d995a0-6341-675f-adb9-150870086d45 - Current status: ACTIVE, Last status: ACTIVE
[2026-03-09 08:59:30] SSE: Iteration 61 for user 89d995a0-6341-675f-adb9-150870086d45 - Current status: ACTIVE, Last status: ACTIVE
[2026-03-09 08:59:40] SSE: Iteration 66 for user 89d995a0-6341-675f-adb9-150870086d45 - Current status: ACTIVE, Last status: ACTIVE
[2026-03-09 08:59:50] SSE: Iteration 71 for user 89d995a0-6341-675f-adb9-150870086d45 - Current status: ACTIVE, Last status: ACTIVE
[2026-03-09 09:00:00] SSE: Iteration 76 for user 89d995a0-6341-675f-adb9-150870086d45 - Current status: ACTIVE, Last status: ACTIVE
[2026-03-09 09:00:10] SSE: Iteration 81 for user 89d995a0-6341-675f-adb9-150870086d45 - Current status: ACTIVE, Last status: ACTIVE
[2026-03-09 09:00:20] SSE: Iteration 86 for user 89d995a0-6341-675f-adb9-150870086d45 - Current status: ACTIVE, Last status: ACTIVE
[2026-03-09 09:00:30] SSE: Iteration 91 for user 89d995a0-6341-675f-adb9-150870086d45 - Current status: ACTIVE, Last status: ACTIVE
[2026-03-09 09:00:40] SSE: Iteration 96 for user 89d995a0-6341-675f-adb9-150870086d45 - Current status: ACTIVE, Last status: ACTIVE
[2026-03-09 09:00:50] SSE: Iteration 101 for user 89d995a0-6341-675f-adb9-150870086d45 - Current status: ACTIVE, Last status: ACTIVE
[2026-03-09 09:01:00] SSE: Iteration 106 for user 89d995a0-6341-675f-adb9-150870086d45 - Current status: ACTIVE, Last status: ACTIVE
[2026-03-09 09:01:10] SSE: Iteration 111 for user 89d995a0-6341-675f-adb9-150870086d45 - Current status: ACTIVE, Last status: ACTIVE
[2026-03-09 09:01:20] SSE: Iteration 116 for user 89d995a0-6341-675f-adb9-150870086d45 - Current status: ACTIVE, Last status: ACTIVE
[2026-03-09 09:01:30] SSE: Iteration 121 for user 89d995a0-6341-675f-adb9-150870086d45 - Current status: ACTIVE, Last status: ACTIVE
[2026-03-09 09:01:40] SSE: Iteration 126 for user 89d995a0-6341-675f-adb9-150870086d45 - Current status: ACTIVE, Last status: ACTIVE
[2026-03-09 09:01:50] SSE: Iteration 131 for user 89d995a0-6341-675f-adb9-150870086d45 - Current status: ACTIVE, Last status: ACTIVE
[2026-03-09 09:02:00] SSE: Iteration 136 for user 89d995a0-6341-675f-adb9-150870086d45 - Current status: ACTIVE, Last status: ACTIVE
[2026-03-09 09:02:10] SSE: Iteration 141 for user 89d995a0-6341-675f-adb9-150870086d45 - Current status: ACTIVE, Last status: ACTIVE
[2026-03-09 09:02:20] SSE: Iteration 146 for user 89d995a0-6341-675f-adb9-150870086d45 - Current status: ACTIVE, Last status: ACTIVE
[2026-03-09 09:15:45] SSE: New connection attempt
[2026-03-09 09:15:45] SSE: User authenticated - Full payload: {"userId":"89d995a0-6341-675f-adb9-150870086d45","role":"CLIENT","email":"sinalhuon2@gmail.com","exp":1773131970}
[2026-03-09 09:15:45] SSE: userId field: 89d995a0-6341-675f-adb9-150870086d45
[2026-03-09 09:15:45] SSE: id field: NOT_FOUND
[2026-03-09 09:15:45] SSE: Starting status monitoring for user 89d995a0-6341-675f-adb9-150870086d45
[2026-03-09 09:15:45] SSE: Initial status for user 89d995a0-6341-675f-adb9-150870086d45: ACTIVE
[2026-03-09 09:15:45] SSE: Iteration 1 for user 89d995a0-6341-675f-adb9-150870086d45 - Current status: ACTIVE, Last status: ACTIVE
[2026-03-09 09:15:55] SSE: Iteration 6 for user 89d995a0-6341-675f-adb9-150870086d45 - Current status: ACTIVE, Last status: ACTIVE
[2026-03-09 09:16:05] SSE: Iteration 11 for user 89d995a0-6341-675f-adb9-150870086d45 - Current status: ACTIVE, Last status: ACTIVE
[2026-03-09 09:16:16] SSE: Iteration 16 for user 89d995a0-6341-675f-adb9-150870086d45 - Current status: ACTIVE, Last status: ACTIVE
[2026-03-09 09:16:26] SSE: Iteration 21 for user 89d995a0-6341-675f-adb9-150870086d45 - Current status: ACTIVE, Last status: ACTIVE
